#! /usr/bin/vvp
:ivl_version "11.0 (stable)";
:ivl_delay_selection "TYPICAL";
:vpi_time_precision - 12;
:vpi_module "/usr/lib/x86_64-linux-gnu/ivl/system.vpi";
:vpi_module "/usr/lib/x86_64-linux-gnu/ivl/vhdl_sys.vpi";
:vpi_module "/usr/lib/x86_64-linux-gnu/ivl/vhdl_textio.vpi";
:vpi_module "/usr/lib/x86_64-linux-gnu/ivl/v2005_math.vpi";
:vpi_module "/usr/lib/x86_64-linux-gnu/ivl/va_math.vpi";
S_0x59ed94b6a870 .scope module, "test_wallace_tree_adder" "test_wallace_tree_adder" 2 4;
 .timescale -9 -12;
v0x59ed94bab0d0_0 .var "A", 3 0;
v0x59ed94bab1e0_0 .var "B", 3 0;
v0x59ed94bab2b0_0 .var "C", 3 0;
v0x59ed94bab3b0_0 .var "D", 3 0;
v0x59ed94bab450_0 .var "E", 3 0;
v0x59ed94bab590_0 .net "S", 6 0, L_0x59ed94bbf6e0;  1 drivers
S_0x59ed94b67df0 .scope module, "uut" "wallace_tree_adder" 2 11, 3 6 0, S_0x59ed94b6a870;
 .timescale -9 -12;
    .port_info 0 /INPUT 4 "A";
    .port_info 1 /INPUT 4 "B";
    .port_info 2 /INPUT 4 "C";
    .port_info 3 /INPUT 4 "D";
    .port_info 4 /INPUT 4 "E";
    .port_info 5 /OUTPUT 7 "S";
v0x59ed94baa360_0 .net "A", 3 0, v0x59ed94bab0d0_0;  1 drivers
v0x59ed94baa460_0 .net "B", 3 0, v0x59ed94bab1e0_0;  1 drivers
v0x59ed94baa540_0 .net "C", 3 0, v0x59ed94bab2b0_0;  1 drivers
v0x59ed94baa600_0 .net "D", 3 0, v0x59ed94bab3b0_0;  1 drivers
v0x59ed94baa6f0_0 .net "E", 3 0, v0x59ed94bab450_0;  1 drivers
v0x59ed94baa7e0_0 .net "S", 6 0, L_0x59ed94bbf6e0;  alias, 1 drivers
v0x59ed94baa8a0_0 .net "U", 4 0, L_0x59ed94bb5990;  1 drivers
v0x59ed94baa990_0 .net "V", 4 0, L_0x59ed94bb5760;  1 drivers
v0x59ed94baaa60_0 .net "X", 4 0, L_0x59ed94bad940;  1 drivers
v0x59ed94baabb0_0 .net "Y", 4 0, L_0x59ed94bada80;  1 drivers
v0x59ed94baac90_0 .net "Z", 4 0, L_0x59ed94bb34d0;  1 drivers
L_0x74460a9860f0 .functor BUFT 1, C4<0>, C4<0>, C4<0>, C4<0>;
v0x59ed94baad70_0 .net/2u *"_ivl_107", 0 0, L_0x74460a9860f0;  1 drivers
L_0x74460a986018 .functor BUFT 1, C4<0>, C4<0>, C4<0>, C4<0>;
v0x59ed94baae50_0 .net/2u *"_ivl_43", 0 0, L_0x74460a986018;  1 drivers
L_0x74460a986060 .functor BUFT 1, C4<0>, C4<0>, C4<0>, C4<0>;
v0x59ed94baaf30_0 .net/2u *"_ivl_48", 0 0, L_0x74460a986060;  1 drivers
L_0x59ed94babc20 .part v0x59ed94bab0d0_0, 0, 1;
L_0x59ed94babd50 .part v0x59ed94bab1e0_0, 0, 1;
L_0x59ed94babe80 .part v0x59ed94bab2b0_0, 0, 1;
L_0x59ed94bac4b0 .part v0x59ed94bab0d0_0, 1, 1;
L_0x59ed94bac610 .part v0x59ed94bab1e0_0, 1, 1;
L_0x59ed94bac740 .part v0x59ed94bab2b0_0, 1, 1;
L_0x59ed94baccc0 .part v0x59ed94bab0d0_0, 2, 1;
L_0x59ed94bace80 .part v0x59ed94bab1e0_0, 2, 1;
L_0x59ed94bad090 .part v0x59ed94bab2b0_0, 2, 1;
L_0x59ed94bad570 .part v0x59ed94bab0d0_0, 3, 1;
L_0x59ed94bad700 .part v0x59ed94bab1e0_0, 3, 1;
L_0x59ed94bad830 .part v0x59ed94bab2b0_0, 3, 1;
LS_0x59ed94bad940_0_0 .concat8 [ 1 1 1 1], L_0x74460a986018, L_0x59ed94babad0, L_0x59ed94bac360, L_0x59ed94bacb70;
LS_0x59ed94bad940_0_4 .concat8 [ 1 0 0 0], L_0x59ed94bad420;
L_0x59ed94bad940 .concat8 [ 4 1 0 0], LS_0x59ed94bad940_0_0, LS_0x59ed94bad940_0_4;
LS_0x59ed94bada80_0_0 .concat8 [ 1 1 1 1], L_0x59ed94bab6f0, L_0x59ed94babfe0, L_0x59ed94bac890, L_0x59ed94bad230;
LS_0x59ed94bada80_0_4 .concat8 [ 1 0 0 0], L_0x74460a986060;
L_0x59ed94bada80 .concat8 [ 4 1 0 0], LS_0x59ed94bada80_0_0, LS_0x59ed94bada80_0_4;
L_0x59ed94bb34d0 .concat8 [ 4 1 0 0], L_0x59ed94bb2200, L_0x59ed94bb32a0;
L_0x59ed94bb3790 .part L_0x59ed94bada80, 0, 1;
L_0x59ed94bb3910 .part L_0x59ed94bb34d0, 0, 1;
L_0x59ed94bb3f40 .part L_0x59ed94bada80, 1, 1;
L_0x59ed94bb4080 .part L_0x59ed94bb34d0, 1, 1;
L_0x59ed94bb4120 .part L_0x59ed94bad940, 1, 1;
L_0x59ed94bb3fe0 .part L_0x59ed94bada80, 2, 1;
L_0x59ed94bb47f0 .part L_0x59ed94bb34d0, 2, 1;
L_0x59ed94bb4a70 .part L_0x59ed94bad940, 2, 1;
L_0x59ed94bb4f10 .part L_0x59ed94bada80, 3, 1;
L_0x59ed94bb5110 .part L_0x59ed94bb34d0, 3, 1;
L_0x59ed94bb5240 .part L_0x59ed94bad940, 3, 1;
L_0x59ed94bb5530 .part L_0x59ed94bad940, 4, 1;
L_0x59ed94bb55d0 .part L_0x59ed94bb34d0, 4, 1;
LS_0x59ed94bb5760_0_0 .concat8 [ 1 1 1 1], L_0x59ed94bb3680, L_0x59ed94bb3df0, L_0x59ed94bb4610, L_0x59ed94bb4dc0;
LS_0x59ed94bb5760_0_4 .concat8 [ 1 0 0 0], L_0x59ed94bb54c0;
L_0x59ed94bb5760 .concat8 [ 4 1 0 0], LS_0x59ed94bb5760_0_0, LS_0x59ed94bb5760_0_4;
LS_0x59ed94bb5990_0_0 .concat8 [ 1 1 1 1], L_0x59ed94bb3a70, L_0x59ed94bb42e0, L_0x59ed94bb4b80, L_0x59ed94bb5450;
LS_0x59ed94bb5990_0_4 .concat8 [ 1 0 0 0], L_0x74460a9860f0;
L_0x59ed94bb5990 .concat8 [ 4 1 0 0], LS_0x59ed94bb5990_0_0, LS_0x59ed94bb5990_0_4;
L_0x59ed94bbf6e0 .concat8 [ 1 5 1 0], L_0x59ed94bb3610, L_0x59ed94bbdbc0, L_0x59ed94bbf3d0;
S_0x59ed94b58ae0 .scope module, "a1" "carry_look_ahead_4_bit_adder" 3 27, 4 1 0, S_0x59ed94b67df0;
 .timescale -9 -12;
    .port_info 0 /INPUT 4 "A";
    .port_info 1 /INPUT 4 "B";
    .port_info 2 /INPUT 1 "Cin";
    .port_info 3 /OUTPUT 4 "Sum";
    .port_info 4 /OUTPUT 1 "Cout";
L_0x59ed94bad8d0 .functor XOR 1, L_0x59ed94badd30, L_0x59ed94baddd0, C4<0>, C4<0>;
L_0x59ed94bae170 .functor XOR 1, L_0x59ed94badf10, L_0x59ed94bae040, C4<0>, C4<0>;
L_0x59ed94bae4a0 .functor XOR 1, L_0x59ed94bae320, L_0x59ed94bae400, C4<0>, C4<0>;
L_0x59ed94bae790 .functor AND 1, L_0x59ed94bae600, L_0x59ed94bae6f0, C4<1>, C4<1>;
L_0x59ed94baea40 .functor AND 1, L_0x59ed94bae8a0, L_0x59ed94bae9a0, C4<1>, C4<1>;
L_0x59ed94baec40 .functor AND 1, L_0x59ed94baecb0, L_0x59ed94baed50, C4<1>, C4<1>;
L_0x74460a9860a8 .functor BUFT 1, C4<0>, C4<0>, C4<0>, C4<0>;
L_0x59ed94baf090 .functor AND 1, L_0x74460a9860a8, L_0x59ed94baefa0, C4<1>, C4<1>;
L_0x59ed94baf2d0 .functor OR 1, L_0x59ed94baf090, L_0x59ed94baf150, C4<0>, C4<0>;
L_0x59ed94baf4d0 .functor AND 1, L_0x74460a9860a8, L_0x59ed94baf430, C4<1>, C4<1>;
L_0x59ed94baf720 .functor AND 1, L_0x59ed94baf4d0, L_0x59ed94baf5e0, C4<1>, C4<1>;
L_0x59ed94bafa30 .functor AND 1, L_0x59ed94baf840, L_0x59ed94baf8e0, C4<1>, C4<1>;
L_0x59ed94bafaf0 .functor OR 1, L_0x59ed94baf720, L_0x59ed94bafa30, C4<0>, C4<0>;
L_0x59ed94bafc70 .functor OR 1, L_0x59ed94bafaf0, L_0x59ed94baf680, C4<0>, C4<0>;
L_0x59ed94bafe90 .functor AND 1, L_0x74460a9860a8, L_0x59ed94bafd30, C4<1>, C4<1>;
L_0x59ed94bafc00 .functor AND 1, L_0x59ed94bafe90, L_0x59ed94baffd0, C4<1>, C4<1>;
L_0x59ed94bb0390 .functor AND 1, L_0x59ed94bafc00, L_0x59ed94bb0110, C4<1>, C4<1>;
L_0x59ed94bb0750 .functor AND 1, L_0x59ed94bb0530, L_0x59ed94bb05d0, C4<1>, C4<1>;
L_0x59ed94bb0900 .functor AND 1, L_0x59ed94bb0750, L_0x59ed94bb0860, C4<1>, C4<1>;
L_0x59ed94bb0ab0 .functor OR 1, L_0x59ed94bb0390, L_0x59ed94bb0900, C4<0>, C4<0>;
L_0x59ed94bb0df0 .functor AND 1, L_0x59ed94bb0bc0, L_0x59ed94bb0d50, C4<1>, C4<1>;
L_0x59ed94bb0fb0 .functor OR 1, L_0x59ed94bb0ab0, L_0x59ed94bb0df0, C4<0>, C4<0>;
L_0x59ed94bb11c0 .functor OR 1, L_0x59ed94bb0fb0, L_0x59ed94bb0a10, C4<0>, C4<0>;
L_0x59ed94bb15e0 .functor XOR 1, L_0x59ed94bb1390, L_0x59ed94bb1430, C4<0>, C4<0>;
L_0x59ed94bb16f0 .functor XOR 1, L_0x59ed94bb15e0, L_0x74460a9860a8, C4<0>, C4<0>;
L_0x59ed94bb1ae0 .functor XOR 1, L_0x59ed94bb1880, L_0x59ed94bb1920, C4<0>, C4<0>;
L_0x59ed94bb1ba0 .functor XOR 1, L_0x59ed94bb1ae0, L_0x59ed94baf2d0, C4<0>, C4<0>;
L_0x59ed94bb19c0 .functor XOR 1, L_0x59ed94bb1d90, L_0x59ed94bb1e30, C4<0>, C4<0>;
L_0x59ed94bb2000 .functor XOR 1, L_0x59ed94bb19c0, L_0x59ed94bafc70, C4<0>, C4<0>;
L_0x59ed94bb2610 .functor XOR 1, L_0x59ed94bb2390, L_0x59ed94bb2570, C4<0>, C4<0>;
L_0x59ed94bb2720 .functor XOR 1, L_0x59ed94bb2610, L_0x59ed94bb11c0, C4<0>, C4<0>;
L_0x59ed94bb2c10 .functor XOR 1, L_0x59ed94bb2980, L_0x59ed94bb2b70, C4<0>, C4<0>;
L_0x59ed94bb2d20 .functor AND 1, L_0x59ed94bb11c0, L_0x59ed94bb2c10, C4<1>, C4<1>;
L_0x59ed94bb3190 .functor AND 1, L_0x59ed94bb2ef0, L_0x59ed94bb30f0, C4<1>, C4<1>;
L_0x59ed94bb32a0 .functor OR 1, L_0x59ed94bb2d20, L_0x59ed94bb3190, C4<0>, C4<0>;
v0x59ed94b563a0_0 .net "A", 3 0, v0x59ed94bab450_0;  alias, 1 drivers
v0x59ed94b99ff0_0 .net "B", 3 0, v0x59ed94bab3b0_0;  alias, 1 drivers
v0x59ed94b9a0d0_0 .net "Cin", 0 0, L_0x74460a9860a8;  1 drivers
v0x59ed94b9a170_0 .net "Cout", 0 0, L_0x59ed94bb32a0;  1 drivers
v0x59ed94b9a230_0 .net "Sum", 3 0, L_0x59ed94bb2200;  1 drivers
v0x59ed94b9a360_0 .net *"_ivl_101", 0 0, L_0x59ed94bb0ab0;  1 drivers
v0x59ed94b9a420_0 .net *"_ivl_103", 0 0, L_0x59ed94bb0bc0;  1 drivers
v0x59ed94b9a500_0 .net *"_ivl_105", 0 0, L_0x59ed94bb0d50;  1 drivers
v0x59ed94b9a5e0_0 .net *"_ivl_107", 0 0, L_0x59ed94bb0df0;  1 drivers
v0x59ed94b9a6a0_0 .net *"_ivl_109", 0 0, L_0x59ed94bb0fb0;  1 drivers
v0x59ed94b9a760_0 .net *"_ivl_11", 0 0, L_0x59ed94badf10;  1 drivers
v0x59ed94b9a840_0 .net *"_ivl_111", 0 0, L_0x59ed94bb0a10;  1 drivers
v0x59ed94b9a920_0 .net *"_ivl_117", 0 0, L_0x59ed94bb1390;  1 drivers
v0x59ed94b9aa00_0 .net *"_ivl_119", 0 0, L_0x59ed94bb1430;  1 drivers
v0x59ed94b9aae0_0 .net *"_ivl_120", 0 0, L_0x59ed94bb15e0;  1 drivers
v0x59ed94b9abc0_0 .net *"_ivl_122", 0 0, L_0x59ed94bb16f0;  1 drivers
v0x59ed94b9aca0_0 .net *"_ivl_127", 0 0, L_0x59ed94bb1880;  1 drivers
v0x59ed94b9ad80_0 .net *"_ivl_129", 0 0, L_0x59ed94bb1920;  1 drivers
v0x59ed94b9ae60_0 .net *"_ivl_13", 0 0, L_0x59ed94bae040;  1 drivers
v0x59ed94b9af40_0 .net *"_ivl_130", 0 0, L_0x59ed94bb1ae0;  1 drivers
v0x59ed94b9b020_0 .net *"_ivl_132", 0 0, L_0x59ed94bb1ba0;  1 drivers
v0x59ed94b9b100_0 .net *"_ivl_137", 0 0, L_0x59ed94bb1d90;  1 drivers
v0x59ed94b9b1e0_0 .net *"_ivl_139", 0 0, L_0x59ed94bb1e30;  1 drivers
v0x59ed94b9b2c0_0 .net *"_ivl_14", 0 0, L_0x59ed94bae170;  1 drivers
v0x59ed94b9b3a0_0 .net *"_ivl_140", 0 0, L_0x59ed94bb19c0;  1 drivers
v0x59ed94b9b480_0 .net *"_ivl_142", 0 0, L_0x59ed94bb2000;  1 drivers
v0x59ed94b9b560_0 .net *"_ivl_148", 0 0, L_0x59ed94bb2390;  1 drivers
v0x59ed94b9b640_0 .net *"_ivl_150", 0 0, L_0x59ed94bb2570;  1 drivers
v0x59ed94b9b720_0 .net *"_ivl_151", 0 0, L_0x59ed94bb2610;  1 drivers
v0x59ed94b9b800_0 .net *"_ivl_153", 0 0, L_0x59ed94bb2720;  1 drivers
v0x59ed94b9b8e0_0 .net *"_ivl_156", 0 0, L_0x59ed94bb2980;  1 drivers
v0x59ed94b9b9c0_0 .net *"_ivl_158", 0 0, L_0x59ed94bb2b70;  1 drivers
v0x59ed94b9baa0_0 .net *"_ivl_159", 0 0, L_0x59ed94bb2c10;  1 drivers
v0x59ed94b9bb80_0 .net *"_ivl_162", 0 0, L_0x59ed94bb2d20;  1 drivers
v0x59ed94b9bc40_0 .net *"_ivl_164", 0 0, L_0x59ed94bb2ef0;  1 drivers
v0x59ed94b9bd20_0 .net *"_ivl_166", 0 0, L_0x59ed94bb30f0;  1 drivers
v0x59ed94b9be00_0 .net *"_ivl_168", 0 0, L_0x59ed94bb3190;  1 drivers
v0x59ed94b9bec0_0 .net *"_ivl_20", 0 0, L_0x59ed94bae320;  1 drivers
v0x59ed94b9bfa0_0 .net *"_ivl_22", 0 0, L_0x59ed94bae400;  1 drivers
v0x59ed94b9c080_0 .net *"_ivl_23", 0 0, L_0x59ed94bae4a0;  1 drivers
v0x59ed94b9c160_0 .net *"_ivl_28", 0 0, L_0x59ed94bae600;  1 drivers
v0x59ed94b9c240_0 .net *"_ivl_3", 0 0, L_0x59ed94badd30;  1 drivers
v0x59ed94b9c320_0 .net *"_ivl_30", 0 0, L_0x59ed94bae6f0;  1 drivers
v0x59ed94b9c400_0 .net *"_ivl_32", 0 0, L_0x59ed94bae790;  1 drivers
v0x59ed94b9c4c0_0 .net *"_ivl_36", 0 0, L_0x59ed94bae8a0;  1 drivers
v0x59ed94b9c5a0_0 .net *"_ivl_38", 0 0, L_0x59ed94bae9a0;  1 drivers
v0x59ed94b9c680_0 .net *"_ivl_40", 0 0, L_0x59ed94baea40;  1 drivers
v0x59ed94b9c740_0 .net *"_ivl_45", 0 0, L_0x59ed94baecb0;  1 drivers
v0x59ed94b9c820_0 .net *"_ivl_47", 0 0, L_0x59ed94baed50;  1 drivers
v0x59ed94b9c900_0 .net *"_ivl_49", 0 0, L_0x59ed94baec40;  1 drivers
v0x59ed94b9c9c0_0 .net *"_ivl_5", 0 0, L_0x59ed94baddd0;  1 drivers
v0x59ed94b9caa0_0 .net *"_ivl_51", 0 0, L_0x59ed94baefa0;  1 drivers
v0x59ed94b9cb80_0 .net *"_ivl_53", 0 0, L_0x59ed94baf090;  1 drivers
v0x59ed94b9cc40_0 .net *"_ivl_55", 0 0, L_0x59ed94baf150;  1 drivers
v0x59ed94b9cd20_0 .net *"_ivl_59", 0 0, L_0x59ed94baf430;  1 drivers
v0x59ed94b9ce00_0 .net *"_ivl_6", 0 0, L_0x59ed94bad8d0;  1 drivers
v0x59ed94b9cee0_0 .net *"_ivl_61", 0 0, L_0x59ed94baf4d0;  1 drivers
v0x59ed94b9cfa0_0 .net *"_ivl_63", 0 0, L_0x59ed94baf5e0;  1 drivers
v0x59ed94b9d080_0 .net *"_ivl_65", 0 0, L_0x59ed94baf720;  1 drivers
v0x59ed94b9d140_0 .net *"_ivl_67", 0 0, L_0x59ed94baf840;  1 drivers
v0x59ed94b9d220_0 .net *"_ivl_69", 0 0, L_0x59ed94baf8e0;  1 drivers
v0x59ed94b9d300_0 .net *"_ivl_71", 0 0, L_0x59ed94bafa30;  1 drivers
v0x59ed94b9d3c0_0 .net *"_ivl_73", 0 0, L_0x59ed94bafaf0;  1 drivers
v0x59ed94b9d480_0 .net *"_ivl_75", 0 0, L_0x59ed94baf680;  1 drivers
v0x59ed94b9d560_0 .net *"_ivl_79", 0 0, L_0x59ed94bafd30;  1 drivers
v0x59ed94b9da50_0 .net *"_ivl_81", 0 0, L_0x59ed94bafe90;  1 drivers
v0x59ed94b9db10_0 .net *"_ivl_83", 0 0, L_0x59ed94baffd0;  1 drivers
v0x59ed94b9dbf0_0 .net *"_ivl_85", 0 0, L_0x59ed94bafc00;  1 drivers
v0x59ed94b9dcb0_0 .net *"_ivl_87", 0 0, L_0x59ed94bb0110;  1 drivers
v0x59ed94b9dd90_0 .net *"_ivl_89", 0 0, L_0x59ed94bb0390;  1 drivers
v0x59ed94b9de50_0 .net *"_ivl_91", 0 0, L_0x59ed94bb0530;  1 drivers
v0x59ed94b9df30_0 .net *"_ivl_93", 0 0, L_0x59ed94bb05d0;  1 drivers
v0x59ed94b9e010_0 .net *"_ivl_95", 0 0, L_0x59ed94bb0750;  1 drivers
v0x59ed94b9e0d0_0 .net *"_ivl_97", 0 0, L_0x59ed94bb0860;  1 drivers
v0x59ed94b9e1b0_0 .net *"_ivl_99", 0 0, L_0x59ed94bb0900;  1 drivers
v0x59ed94b9e270_0 .net "c1", 0 0, L_0x59ed94baf2d0;  1 drivers
v0x59ed94b9e330_0 .net "c2", 0 0, L_0x59ed94bafc70;  1 drivers
v0x59ed94b9e3f0_0 .net "c3", 0 0, L_0x59ed94bb11c0;  1 drivers
v0x59ed94b9e4b0_0 .net "g", 2 0, L_0x59ed94baeb00;  1 drivers
v0x59ed94b9e590_0 .net "p", 2 0, L_0x59ed94bae1e0;  1 drivers
L_0x59ed94badd30 .part v0x59ed94bab450_0, 0, 1;
L_0x59ed94baddd0 .part v0x59ed94bab3b0_0, 0, 1;
L_0x59ed94badf10 .part v0x59ed94bab450_0, 1, 1;
L_0x59ed94bae040 .part v0x59ed94bab3b0_0, 1, 1;
L_0x59ed94bae1e0 .concat8 [ 1 1 1 0], L_0x59ed94bad8d0, L_0x59ed94bae170, L_0x59ed94bae4a0;
L_0x59ed94bae320 .part v0x59ed94bab450_0, 2, 1;
L_0x59ed94bae400 .part v0x59ed94bab3b0_0, 2, 1;
L_0x59ed94bae600 .part v0x59ed94bab450_0, 0, 1;
L_0x59ed94bae6f0 .part v0x59ed94bab3b0_0, 0, 1;
L_0x59ed94bae8a0 .part v0x59ed94bab450_0, 1, 1;
L_0x59ed94bae9a0 .part v0x59ed94bab3b0_0, 1, 1;
L_0x59ed94baeb00 .concat8 [ 1 1 1 0], L_0x59ed94bae790, L_0x59ed94baea40, L_0x59ed94baec40;
L_0x59ed94baecb0 .part v0x59ed94bab450_0, 2, 1;
L_0x59ed94baed50 .part v0x59ed94bab3b0_0, 2, 1;
L_0x59ed94baefa0 .part L_0x59ed94bae1e0, 0, 1;
L_0x59ed94baf150 .part L_0x59ed94baeb00, 0, 1;
L_0x59ed94baf430 .part L_0x59ed94bae1e0, 0, 1;
L_0x59ed94baf5e0 .part L_0x59ed94bae1e0, 1, 1;
L_0x59ed94baf840 .part L_0x59ed94bae1e0, 1, 1;
L_0x59ed94baf8e0 .part L_0x59ed94baeb00, 0, 1;
L_0x59ed94baf680 .part L_0x59ed94baeb00, 1, 1;
L_0x59ed94bafd30 .part L_0x59ed94bae1e0, 0, 1;
L_0x59ed94baffd0 .part L_0x59ed94bae1e0, 1, 1;
L_0x59ed94bb0110 .part L_0x59ed94bae1e0, 2, 1;
L_0x59ed94bb0530 .part L_0x59ed94bae1e0, 1, 1;
L_0x59ed94bb05d0 .part L_0x59ed94baeb00, 0, 1;
L_0x59ed94bb0860 .part L_0x59ed94bae1e0, 2, 1;
L_0x59ed94bb0bc0 .part L_0x59ed94baeb00, 1, 1;
L_0x59ed94bb0d50 .part L_0x59ed94bae1e0, 2, 1;
L_0x59ed94bb0a10 .part L_0x59ed94baeb00, 2, 1;
L_0x59ed94bb1390 .part v0x59ed94bab450_0, 0, 1;
L_0x59ed94bb1430 .part v0x59ed94bab3b0_0, 0, 1;
L_0x59ed94bb1880 .part v0x59ed94bab450_0, 1, 1;
L_0x59ed94bb1920 .part v0x59ed94bab3b0_0, 1, 1;
L_0x59ed94bb1d90 .part v0x59ed94bab450_0, 2, 1;
L_0x59ed94bb1e30 .part v0x59ed94bab3b0_0, 2, 1;
L_0x59ed94bb2200 .concat8 [ 1 1 1 1], L_0x59ed94bb16f0, L_0x59ed94bb1ba0, L_0x59ed94bb2000, L_0x59ed94bb2720;
L_0x59ed94bb2390 .part v0x59ed94bab450_0, 3, 1;
L_0x59ed94bb2570 .part v0x59ed94bab3b0_0, 3, 1;
L_0x59ed94bb2980 .part v0x59ed94bab450_0, 3, 1;
L_0x59ed94bb2b70 .part v0x59ed94bab3b0_0, 3, 1;
L_0x59ed94bb2ef0 .part v0x59ed94bab450_0, 3, 1;
L_0x59ed94bb30f0 .part v0x59ed94bab3b0_0, 3, 1;
S_0x59ed94b9e710 .scope module, "a2" "carry_look_ahead_5_bit_adder" 3 40, 5 1 0, S_0x59ed94b67df0;
 .timescale -9 -12;
    .port_info 0 /INPUT 5 "A";
    .port_info 1 /INPUT 5 "B";
    .port_info 2 /INPUT 1 "Cin";
    .port_info 3 /OUTPUT 5 "Sum";
    .port_info 4 /OUTPUT 1 "Cout";
L_0x59ed94bb5e50 .functor XOR 1, L_0x59ed94bb5d10, L_0x59ed94bb5db0, C4<0>, C4<0>;
L_0x59ed94bb61c0 .functor XOR 1, L_0x59ed94bb5f60, L_0x59ed94bb6090, C4<0>, C4<0>;
L_0x59ed94bb63b0 .functor XOR 1, L_0x59ed94bb6230, L_0x59ed94bb62d0, C4<0>, C4<0>;
L_0x59ed94bb67e0 .functor XOR 1, L_0x59ed94bb6650, L_0x59ed94bb6740, C4<0>, C4<0>;
L_0x59ed94bb6ae0 .functor AND 1, L_0x59ed94bb6940, L_0x59ed94bb6a40, C4<1>, C4<1>;
L_0x59ed94bb6d50 .functor AND 1, L_0x59ed94bb6ba0, L_0x59ed94bb6cb0, C4<1>, C4<1>;
L_0x59ed94bb6c40 .functor AND 1, L_0x59ed94bb6ea0, L_0x59ed94bb6fc0, C4<1>, C4<1>;
L_0x59ed94bb7500 .functor AND 1, L_0x59ed94bb7320, L_0x59ed94bb73c0, C4<1>, C4<1>;
L_0x74460a986138 .functor BUFT 1, C4<0>, C4<0>, C4<0>, C4<0>;
L_0x59ed94bb77a0 .functor AND 1, L_0x74460a986138, L_0x59ed94bb76b0, C4<1>, C4<1>;
L_0x59ed94bb7a00 .functor OR 1, L_0x59ed94bb77a0, L_0x59ed94bb7860, C4<0>, C4<0>;
L_0x59ed94bb7b70 .functor AND 1, L_0x74460a986138, L_0x59ed94bb7460, C4<1>, C4<1>;
L_0x59ed94bb7d90 .functor AND 1, L_0x59ed94bb7b70, L_0x59ed94bb7c30, C4<1>, C4<1>;
L_0x59ed94bb80d0 .functor AND 1, L_0x59ed94bb7ec0, L_0x59ed94bb7f60, C4<1>, C4<1>;
L_0x59ed94bb81e0 .functor OR 1, L_0x59ed94bb7d90, L_0x59ed94bb80d0, C4<0>, C4<0>;
L_0x59ed94bb7e50 .functor OR 1, L_0x59ed94bb81e0, L_0x59ed94bb8370, C4<0>, C4<0>;
L_0x59ed94bb85e0 .functor AND 1, L_0x74460a986138, L_0x59ed94bb8460, C4<1>, C4<1>;
L_0x59ed94bb87d0 .functor AND 1, L_0x59ed94bb85e0, L_0x59ed94bb8730, C4<1>, C4<1>;
L_0x59ed94bb8b80 .functor AND 1, L_0x59ed94bb87d0, L_0x59ed94bb88e0, C4<1>, C4<1>;
L_0x59ed94bb8f70 .functor AND 1, L_0x59ed94bb8d30, L_0x59ed94bb8dd0, C4<1>, C4<1>;
L_0x59ed94bb9120 .functor AND 1, L_0x59ed94bb8f70, L_0x59ed94bb9080, C4<1>, C4<1>;
L_0x59ed94bb92e0 .functor OR 1, L_0x59ed94bb8b80, L_0x59ed94bb9120, C4<0>, C4<0>;
L_0x59ed94bb95a0 .functor AND 1, L_0x59ed94bb8c90, L_0x59ed94bb9500, C4<1>, C4<1>;
L_0x59ed94bb9770 .functor OR 1, L_0x59ed94bb92e0, L_0x59ed94bb95a0, C4<0>, C4<0>;
L_0x59ed94bb9a40 .functor OR 1, L_0x59ed94bb9770, L_0x59ed94bb9880, C4<0>, C4<0>;
L_0x59ed94bb9cc0 .functor AND 1, L_0x74460a986138, L_0x59ed94bb9c20, C4<1>, C4<1>;
L_0x59ed94bb9920 .functor AND 1, L_0x59ed94bb9cc0, L_0x59ed94bb9d30, C4<1>, C4<1>;
L_0x59ed94bba080 .functor AND 1, L_0x59ed94bb9920, L_0x59ed94bb9fe0, C4<1>, C4<1>;
L_0x59ed94bba370 .functor AND 1, L_0x59ed94bba080, L_0x59ed94bba190, C4<1>, C4<1>;
L_0x59ed94bba800 .functor AND 1, L_0x59ed94bba570, L_0x59ed94bba610, C4<1>, C4<1>;
L_0x59ed94bba9b0 .functor AND 1, L_0x59ed94bba800, L_0x59ed94bba910, C4<1>, C4<1>;
L_0x59ed94bbadc0 .functor AND 1, L_0x59ed94bba9b0, L_0x59ed94bbabc0, C4<1>, C4<1>;
L_0x59ed94bbaed0 .functor OR 1, L_0x59ed94bba370, L_0x59ed94bbadc0, C4<0>, C4<0>;
L_0x59ed94bbb3a0 .functor AND 1, L_0x59ed94bbb0f0, L_0x59ed94bbb190, C4<1>, C4<1>;
L_0x59ed94bbb550 .functor AND 1, L_0x59ed94bbb3a0, L_0x59ed94bbb4b0, C4<1>, C4<1>;
L_0x59ed94bbb780 .functor OR 1, L_0x59ed94bbaed0, L_0x59ed94bbb550, C4<0>, C4<0>;
L_0x59ed94bbbb50 .functor AND 1, L_0x59ed94bbb890, L_0x59ed94bbbab0, C4<1>, C4<1>;
L_0x59ed94bbb660 .functor OR 1, L_0x59ed94bbb780, L_0x59ed94bbbb50, C4<0>, C4<0>;
L_0x59ed94bbbfc0 .functor OR 1, L_0x59ed94bbb660, L_0x59ed94bbbd90, C4<0>, C4<0>;
L_0x59ed94bbc4f0 .functor XOR 1, L_0x59ed94bbc210, L_0x59ed94bbc2b0, C4<0>, C4<0>;
L_0x59ed94bbc600 .functor XOR 1, L_0x59ed94bbc4f0, L_0x74460a986138, C4<0>, C4<0>;
L_0x59ed94bbcb00 .functor XOR 1, L_0x59ed94bbc810, L_0x59ed94bbc8b0, C4<0>, C4<0>;
L_0x59ed94bbcc10 .functor XOR 1, L_0x59ed94bbcb00, L_0x59ed94bb7a00, C4<0>, C4<0>;
L_0x59ed94bbd180 .functor XOR 1, L_0x59ed94bbce80, L_0x59ed94bbcf20, C4<0>, C4<0>;
L_0x59ed94bbd290 .functor XOR 1, L_0x59ed94bbd180, L_0x59ed94bb7e50, C4<0>, C4<0>;
L_0x59ed94bbd820 .functor XOR 1, L_0x59ed94bbd510, L_0x59ed94bbd5b0, C4<0>, C4<0>;
L_0x59ed94bbd930 .functor XOR 1, L_0x59ed94bbd820, L_0x59ed94bb9a40, C4<0>, C4<0>;
L_0x59ed94bbe0c0 .functor XOR 1, L_0x59ed94bbdda0, L_0x59ed94bbe020, C4<0>, C4<0>;
L_0x59ed94bbe1d0 .functor XOR 1, L_0x59ed94bbe0c0, L_0x59ed94bbbfc0, C4<0>, C4<0>;
L_0x59ed94bbec10 .functor XOR 1, L_0x59ed94bbe4c0, L_0x59ed94bbe960, C4<0>, C4<0>;
L_0x59ed94bbed20 .functor AND 1, L_0x59ed94bbbfc0, L_0x59ed94bbec10, C4<1>, C4<1>;
L_0x59ed94bbf2c0 .functor AND 1, L_0x59ed94bbef80, L_0x59ed94bbf220, C4<1>, C4<1>;
L_0x59ed94bbf3d0 .functor OR 1, L_0x59ed94bbed20, L_0x59ed94bbf2c0, C4<0>, C4<0>;
v0x59ed94b9e8c0_0 .net "A", 4 0, L_0x59ed94bb5990;  alias, 1 drivers
v0x59ed94b9e9a0_0 .net "B", 4 0, L_0x59ed94bb5760;  alias, 1 drivers
v0x59ed94b9ea80_0 .net "Cin", 0 0, L_0x74460a986138;  1 drivers
v0x59ed94b9eb20_0 .net "Cout", 0 0, L_0x59ed94bbf3d0;  1 drivers
v0x59ed94b9ebe0_0 .net "Sum", 4 0, L_0x59ed94bbdbc0;  1 drivers
v0x59ed94b9ed10_0 .net *"_ivl_101", 0 0, L_0x59ed94bb87d0;  1 drivers
v0x59ed94b9edd0_0 .net *"_ivl_103", 0 0, L_0x59ed94bb88e0;  1 drivers
v0x59ed94b9eeb0_0 .net *"_ivl_105", 0 0, L_0x59ed94bb8b80;  1 drivers
v0x59ed94b9ef70_0 .net *"_ivl_107", 0 0, L_0x59ed94bb8d30;  1 drivers
v0x59ed94b9f050_0 .net *"_ivl_109", 0 0, L_0x59ed94bb8dd0;  1 drivers
v0x59ed94b9f130_0 .net *"_ivl_11", 0 0, L_0x59ed94bb5f60;  1 drivers
v0x59ed94b9f210_0 .net *"_ivl_111", 0 0, L_0x59ed94bb8f70;  1 drivers
v0x59ed94b9f2d0_0 .net *"_ivl_113", 0 0, L_0x59ed94bb9080;  1 drivers
v0x59ed94b9f3b0_0 .net *"_ivl_115", 0 0, L_0x59ed94bb9120;  1 drivers
v0x59ed94b9f470_0 .net *"_ivl_117", 0 0, L_0x59ed94bb92e0;  1 drivers
v0x59ed94b9f530_0 .net *"_ivl_119", 0 0, L_0x59ed94bb8c90;  1 drivers
v0x59ed94b9f610_0 .net *"_ivl_121", 0 0, L_0x59ed94bb9500;  1 drivers
v0x59ed94b9f6f0_0 .net *"_ivl_123", 0 0, L_0x59ed94bb95a0;  1 drivers
v0x59ed94b9f7b0_0 .net *"_ivl_125", 0 0, L_0x59ed94bb9770;  1 drivers
v0x59ed94b9f870_0 .net *"_ivl_127", 0 0, L_0x59ed94bb9880;  1 drivers
v0x59ed94b9f950_0 .net *"_ivl_13", 0 0, L_0x59ed94bb6090;  1 drivers
v0x59ed94b9fa30_0 .net *"_ivl_131", 0 0, L_0x59ed94bb9c20;  1 drivers
v0x59ed94b9fb10_0 .net *"_ivl_133", 0 0, L_0x59ed94bb9cc0;  1 drivers
v0x59ed94b9fbd0_0 .net *"_ivl_135", 0 0, L_0x59ed94bb9d30;  1 drivers
v0x59ed94b9fcb0_0 .net *"_ivl_137", 0 0, L_0x59ed94bb9920;  1 drivers
v0x59ed94b9fd70_0 .net *"_ivl_139", 0 0, L_0x59ed94bb9fe0;  1 drivers
v0x59ed94b9fe50_0 .net *"_ivl_14", 0 0, L_0x59ed94bb61c0;  1 drivers
v0x59ed94b9ff30_0 .net *"_ivl_141", 0 0, L_0x59ed94bba080;  1 drivers
v0x59ed94b9fff0_0 .net *"_ivl_143", 0 0, L_0x59ed94bba190;  1 drivers
v0x59ed94ba00d0_0 .net *"_ivl_145", 0 0, L_0x59ed94bba370;  1 drivers
v0x59ed94ba0190_0 .net *"_ivl_147", 0 0, L_0x59ed94bba570;  1 drivers
v0x59ed94ba0270_0 .net *"_ivl_149", 0 0, L_0x59ed94bba610;  1 drivers
v0x59ed94ba0350_0 .net *"_ivl_151", 0 0, L_0x59ed94bba800;  1 drivers
v0x59ed94ba0410_0 .net *"_ivl_153", 0 0, L_0x59ed94bba910;  1 drivers
v0x59ed94ba04f0_0 .net *"_ivl_155", 0 0, L_0x59ed94bba9b0;  1 drivers
v0x59ed94ba05b0_0 .net *"_ivl_157", 0 0, L_0x59ed94bbabc0;  1 drivers
v0x59ed94ba0690_0 .net *"_ivl_159", 0 0, L_0x59ed94bbadc0;  1 drivers
v0x59ed94ba0750_0 .net *"_ivl_161", 0 0, L_0x59ed94bbaed0;  1 drivers
v0x59ed94ba0810_0 .net *"_ivl_163", 0 0, L_0x59ed94bbb0f0;  1 drivers
v0x59ed94ba08f0_0 .net *"_ivl_165", 0 0, L_0x59ed94bbb190;  1 drivers
v0x59ed94ba09d0_0 .net *"_ivl_167", 0 0, L_0x59ed94bbb3a0;  1 drivers
v0x59ed94ba0a90_0 .net *"_ivl_169", 0 0, L_0x59ed94bbb4b0;  1 drivers
v0x59ed94ba0b70_0 .net *"_ivl_171", 0 0, L_0x59ed94bbb550;  1 drivers
v0x59ed94ba0c30_0 .net *"_ivl_173", 0 0, L_0x59ed94bbb780;  1 drivers
v0x59ed94ba0cf0_0 .net *"_ivl_175", 0 0, L_0x59ed94bbb890;  1 drivers
v0x59ed94ba0dd0_0 .net *"_ivl_177", 0 0, L_0x59ed94bbbab0;  1 drivers
v0x59ed94ba0eb0_0 .net *"_ivl_179", 0 0, L_0x59ed94bbbb50;  1 drivers
v0x59ed94ba0f70_0 .net *"_ivl_181", 0 0, L_0x59ed94bbb660;  1 drivers
v0x59ed94ba1030_0 .net *"_ivl_183", 0 0, L_0x59ed94bbbd90;  1 drivers
v0x59ed94ba1110_0 .net *"_ivl_189", 0 0, L_0x59ed94bbc210;  1 drivers
v0x59ed94ba11f0_0 .net *"_ivl_19", 0 0, L_0x59ed94bb6230;  1 drivers
v0x59ed94ba12d0_0 .net *"_ivl_191", 0 0, L_0x59ed94bbc2b0;  1 drivers
v0x59ed94ba13b0_0 .net *"_ivl_192", 0 0, L_0x59ed94bbc4f0;  1 drivers
v0x59ed94ba1490_0 .net *"_ivl_194", 0 0, L_0x59ed94bbc600;  1 drivers
v0x59ed94ba1570_0 .net *"_ivl_199", 0 0, L_0x59ed94bbc810;  1 drivers
v0x59ed94ba1650_0 .net *"_ivl_201", 0 0, L_0x59ed94bbc8b0;  1 drivers
v0x59ed94ba1730_0 .net *"_ivl_202", 0 0, L_0x59ed94bbcb00;  1 drivers
v0x59ed94ba1810_0 .net *"_ivl_204", 0 0, L_0x59ed94bbcc10;  1 drivers
v0x59ed94ba18f0_0 .net *"_ivl_209", 0 0, L_0x59ed94bbce80;  1 drivers
v0x59ed94ba19d0_0 .net *"_ivl_21", 0 0, L_0x59ed94bb62d0;  1 drivers
v0x59ed94ba1ab0_0 .net *"_ivl_211", 0 0, L_0x59ed94bbcf20;  1 drivers
v0x59ed94ba1b90_0 .net *"_ivl_212", 0 0, L_0x59ed94bbd180;  1 drivers
v0x59ed94ba1c70_0 .net *"_ivl_214", 0 0, L_0x59ed94bbd290;  1 drivers
v0x59ed94ba1d50_0 .net *"_ivl_219", 0 0, L_0x59ed94bbd510;  1 drivers
v0x59ed94ba1e30_0 .net *"_ivl_22", 0 0, L_0x59ed94bb63b0;  1 drivers
v0x59ed94ba2320_0 .net *"_ivl_221", 0 0, L_0x59ed94bbd5b0;  1 drivers
v0x59ed94ba2400_0 .net *"_ivl_222", 0 0, L_0x59ed94bbd820;  1 drivers
v0x59ed94ba24e0_0 .net *"_ivl_224", 0 0, L_0x59ed94bbd930;  1 drivers
v0x59ed94ba25c0_0 .net *"_ivl_230", 0 0, L_0x59ed94bbdda0;  1 drivers
v0x59ed94ba26a0_0 .net *"_ivl_232", 0 0, L_0x59ed94bbe020;  1 drivers
v0x59ed94ba2780_0 .net *"_ivl_233", 0 0, L_0x59ed94bbe0c0;  1 drivers
v0x59ed94ba2860_0 .net *"_ivl_235", 0 0, L_0x59ed94bbe1d0;  1 drivers
v0x59ed94ba2940_0 .net *"_ivl_238", 0 0, L_0x59ed94bbe4c0;  1 drivers
v0x59ed94ba2a20_0 .net *"_ivl_240", 0 0, L_0x59ed94bbe960;  1 drivers
v0x59ed94ba2b00_0 .net *"_ivl_241", 0 0, L_0x59ed94bbec10;  1 drivers
v0x59ed94ba2be0_0 .net *"_ivl_244", 0 0, L_0x59ed94bbed20;  1 drivers
v0x59ed94ba2ca0_0 .net *"_ivl_246", 0 0, L_0x59ed94bbef80;  1 drivers
v0x59ed94ba2d80_0 .net *"_ivl_248", 0 0, L_0x59ed94bbf220;  1 drivers
v0x59ed94ba2e60_0 .net *"_ivl_250", 0 0, L_0x59ed94bbf2c0;  1 drivers
v0x59ed94ba2f20_0 .net *"_ivl_28", 0 0, L_0x59ed94bb6650;  1 drivers
v0x59ed94ba3000_0 .net *"_ivl_3", 0 0, L_0x59ed94bb5d10;  1 drivers
v0x59ed94ba30e0_0 .net *"_ivl_30", 0 0, L_0x59ed94bb6740;  1 drivers
v0x59ed94ba31c0_0 .net *"_ivl_31", 0 0, L_0x59ed94bb67e0;  1 drivers
v0x59ed94ba32a0_0 .net *"_ivl_36", 0 0, L_0x59ed94bb6940;  1 drivers
v0x59ed94ba3380_0 .net *"_ivl_38", 0 0, L_0x59ed94bb6a40;  1 drivers
v0x59ed94ba3460_0 .net *"_ivl_40", 0 0, L_0x59ed94bb6ae0;  1 drivers
v0x59ed94ba3520_0 .net *"_ivl_44", 0 0, L_0x59ed94bb6ba0;  1 drivers
v0x59ed94ba3600_0 .net *"_ivl_46", 0 0, L_0x59ed94bb6cb0;  1 drivers
v0x59ed94ba36e0_0 .net *"_ivl_48", 0 0, L_0x59ed94bb6d50;  1 drivers
v0x59ed94ba37a0_0 .net *"_ivl_5", 0 0, L_0x59ed94bb5db0;  1 drivers
v0x59ed94ba3880_0 .net *"_ivl_52", 0 0, L_0x59ed94bb6ea0;  1 drivers
v0x59ed94ba3960_0 .net *"_ivl_54", 0 0, L_0x59ed94bb6fc0;  1 drivers
v0x59ed94ba3a40_0 .net *"_ivl_56", 0 0, L_0x59ed94bb6c40;  1 drivers
v0x59ed94ba3b00_0 .net *"_ivl_6", 0 0, L_0x59ed94bb5e50;  1 drivers
v0x59ed94ba3be0_0 .net *"_ivl_61", 0 0, L_0x59ed94bb7320;  1 drivers
v0x59ed94ba3cc0_0 .net *"_ivl_63", 0 0, L_0x59ed94bb73c0;  1 drivers
v0x59ed94ba3da0_0 .net *"_ivl_65", 0 0, L_0x59ed94bb7500;  1 drivers
v0x59ed94ba3e60_0 .net *"_ivl_67", 0 0, L_0x59ed94bb76b0;  1 drivers
v0x59ed94ba3f40_0 .net *"_ivl_69", 0 0, L_0x59ed94bb77a0;  1 drivers
v0x59ed94ba4000_0 .net *"_ivl_71", 0 0, L_0x59ed94bb7860;  1 drivers
v0x59ed94ba40e0_0 .net *"_ivl_75", 0 0, L_0x59ed94bb7460;  1 drivers
v0x59ed94ba41c0_0 .net *"_ivl_77", 0 0, L_0x59ed94bb7b70;  1 drivers
v0x59ed94ba4280_0 .net *"_ivl_79", 0 0, L_0x59ed94bb7c30;  1 drivers
v0x59ed94ba4360_0 .net *"_ivl_81", 0 0, L_0x59ed94bb7d90;  1 drivers
v0x59ed94ba4420_0 .net *"_ivl_83", 0 0, L_0x59ed94bb7ec0;  1 drivers
v0x59ed94ba4500_0 .net *"_ivl_85", 0 0, L_0x59ed94bb7f60;  1 drivers
v0x59ed94ba45e0_0 .net *"_ivl_87", 0 0, L_0x59ed94bb80d0;  1 drivers
v0x59ed94ba46a0_0 .net *"_ivl_89", 0 0, L_0x59ed94bb81e0;  1 drivers
v0x59ed94ba4760_0 .net *"_ivl_91", 0 0, L_0x59ed94bb8370;  1 drivers
v0x59ed94ba4840_0 .net *"_ivl_95", 0 0, L_0x59ed94bb8460;  1 drivers
v0x59ed94ba4920_0 .net *"_ivl_97", 0 0, L_0x59ed94bb85e0;  1 drivers
v0x59ed94ba49e0_0 .net *"_ivl_99", 0 0, L_0x59ed94bb8730;  1 drivers
v0x59ed94ba4ac0_0 .net "c1", 0 0, L_0x59ed94bb7a00;  1 drivers
v0x59ed94ba4b80_0 .net "c2", 0 0, L_0x59ed94bb7e50;  1 drivers
v0x59ed94ba4c40_0 .net "c3", 0 0, L_0x59ed94bb9a40;  1 drivers
v0x59ed94ba4d00_0 .net "c4", 0 0, L_0x59ed94bbbfc0;  1 drivers
v0x59ed94ba4dc0_0 .net "g", 3 0, L_0x59ed94bb7100;  1 drivers
v0x59ed94ba4ea0_0 .net "p", 3 0, L_0x59ed94bb64c0;  1 drivers
L_0x59ed94bb5d10 .part L_0x59ed94bb5990, 0, 1;
L_0x59ed94bb5db0 .part L_0x59ed94bb5760, 0, 1;
L_0x59ed94bb5f60 .part L_0x59ed94bb5990, 1, 1;
L_0x59ed94bb6090 .part L_0x59ed94bb5760, 1, 1;
L_0x59ed94bb6230 .part L_0x59ed94bb5990, 2, 1;
L_0x59ed94bb62d0 .part L_0x59ed94bb5760, 2, 1;
L_0x59ed94bb64c0 .concat8 [ 1 1 1 1], L_0x59ed94bb5e50, L_0x59ed94bb61c0, L_0x59ed94bb63b0, L_0x59ed94bb67e0;
L_0x59ed94bb6650 .part L_0x59ed94bb5990, 3, 1;
L_0x59ed94bb6740 .part L_0x59ed94bb5760, 3, 1;
L_0x59ed94bb6940 .part L_0x59ed94bb5990, 0, 1;
L_0x59ed94bb6a40 .part L_0x59ed94bb5760, 0, 1;
L_0x59ed94bb6ba0 .part L_0x59ed94bb5990, 1, 1;
L_0x59ed94bb6cb0 .part L_0x59ed94bb5760, 1, 1;
L_0x59ed94bb6ea0 .part L_0x59ed94bb5990, 2, 1;
L_0x59ed94bb6fc0 .part L_0x59ed94bb5760, 2, 1;
L_0x59ed94bb7100 .concat8 [ 1 1 1 1], L_0x59ed94bb6ae0, L_0x59ed94bb6d50, L_0x59ed94bb6c40, L_0x59ed94bb7500;
L_0x59ed94bb7320 .part L_0x59ed94bb5990, 3, 1;
L_0x59ed94bb73c0 .part L_0x59ed94bb5760, 3, 1;
L_0x59ed94bb76b0 .part L_0x59ed94bb64c0, 0, 1;
L_0x59ed94bb7860 .part L_0x59ed94bb7100, 0, 1;
L_0x59ed94bb7460 .part L_0x59ed94bb64c0, 0, 1;
L_0x59ed94bb7c30 .part L_0x59ed94bb64c0, 1, 1;
L_0x59ed94bb7ec0 .part L_0x59ed94bb64c0, 1, 1;
L_0x59ed94bb7f60 .part L_0x59ed94bb7100, 0, 1;
L_0x59ed94bb8370 .part L_0x59ed94bb7100, 1, 1;
L_0x59ed94bb8460 .part L_0x59ed94bb64c0, 0, 1;
L_0x59ed94bb8730 .part L_0x59ed94bb64c0, 1, 1;
L_0x59ed94bb88e0 .part L_0x59ed94bb64c0, 2, 1;
L_0x59ed94bb8d30 .part L_0x59ed94bb64c0, 1, 1;
L_0x59ed94bb8dd0 .part L_0x59ed94bb7100, 0, 1;
L_0x59ed94bb9080 .part L_0x59ed94bb64c0, 2, 1;
L_0x59ed94bb8c90 .part L_0x59ed94bb7100, 1, 1;
L_0x59ed94bb9500 .part L_0x59ed94bb64c0, 2, 1;
L_0x59ed94bb9880 .part L_0x59ed94bb7100, 2, 1;
L_0x59ed94bb9c20 .part L_0x59ed94bb64c0, 0, 1;
L_0x59ed94bb9d30 .part L_0x59ed94bb64c0, 1, 1;
L_0x59ed94bb9fe0 .part L_0x59ed94bb64c0, 2, 1;
L_0x59ed94bba190 .part L_0x59ed94bb64c0, 3, 1;
L_0x59ed94bba570 .part L_0x59ed94bb64c0, 1, 1;
L_0x59ed94bba610 .part L_0x59ed94bb7100, 0, 1;
L_0x59ed94bba910 .part L_0x59ed94bb64c0, 2, 1;
L_0x59ed94bbabc0 .part L_0x59ed94bb64c0, 3, 1;
L_0x59ed94bbb0f0 .part L_0x59ed94bb7100, 1, 1;
L_0x59ed94bbb190 .part L_0x59ed94bb64c0, 2, 1;
L_0x59ed94bbb4b0 .part L_0x59ed94bb64c0, 3, 1;
L_0x59ed94bbb890 .part L_0x59ed94bb7100, 2, 1;
L_0x59ed94bbbab0 .part L_0x59ed94bb64c0, 3, 1;
L_0x59ed94bbbd90 .part L_0x59ed94bb7100, 3, 1;
L_0x59ed94bbc210 .part L_0x59ed94bb5990, 0, 1;
L_0x59ed94bbc2b0 .part L_0x59ed94bb5760, 0, 1;
L_0x59ed94bbc810 .part L_0x59ed94bb5990, 1, 1;
L_0x59ed94bbc8b0 .part L_0x59ed94bb5760, 1, 1;
L_0x59ed94bbce80 .part L_0x59ed94bb5990, 2, 1;
L_0x59ed94bbcf20 .part L_0x59ed94bb5760, 2, 1;
L_0x59ed94bbd510 .part L_0x59ed94bb5990, 3, 1;
L_0x59ed94bbd5b0 .part L_0x59ed94bb5760, 3, 1;
LS_0x59ed94bbdbc0_0_0 .concat8 [ 1 1 1 1], L_0x59ed94bbc600, L_0x59ed94bbcc10, L_0x59ed94bbd290, L_0x59ed94bbd930;
LS_0x59ed94bbdbc0_0_4 .concat8 [ 1 0 0 0], L_0x59ed94bbe1d0;
L_0x59ed94bbdbc0 .concat8 [ 4 1 0 0], LS_0x59ed94bbdbc0_0_0, LS_0x59ed94bbdbc0_0_4;
L_0x59ed94bbdda0 .part L_0x59ed94bb5990, 4, 1;
L_0x59ed94bbe020 .part L_0x59ed94bb5760, 4, 1;
L_0x59ed94bbe4c0 .part L_0x59ed94bb5990, 4, 1;
L_0x59ed94bbe960 .part L_0x59ed94bb5760, 4, 1;
L_0x59ed94bbef80 .part L_0x59ed94bb5990, 4, 1;
L_0x59ed94bbf220 .part L_0x59ed94bb5760, 4, 1;
S_0x59ed94ba5020 .scope module, "f1" "full_adder" 3 19, 6 1 0, S_0x59ed94b67df0;
 .timescale -9 -12;
    .port_info 0 /INPUT 1 "a";
    .port_info 1 /INPUT 1 "b";
    .port_info 2 /INPUT 1 "cin";
    .port_info 3 /OUTPUT 1 "sum";
    .port_info 4 /OUTPUT 1 "cout";
L_0x59ed94bab650 .functor XOR 1, L_0x59ed94babc20, L_0x59ed94babd50, C4<0>, C4<0>;
L_0x59ed94bab6f0 .functor XOR 1, L_0x59ed94bab650, L_0x59ed94babe80, C4<0>, C4<0>;
L_0x59ed94bab7e0 .functor AND 1, L_0x59ed94babc20, L_0x59ed94babd50, C4<1>, C4<1>;
L_0x59ed94bab920 .functor XOR 1, L_0x59ed94babc20, L_0x59ed94babd50, C4<0>, C4<0>;
L_0x59ed94bab9c0 .functor AND 1, L_0x59ed94babe80, L_0x59ed94bab920, C4<1>, C4<1>;
L_0x59ed94babad0 .functor OR 1, L_0x59ed94bab7e0, L_0x59ed94bab9c0, C4<0>, C4<0>;
v0x59ed94ba51b0_0 .net *"_ivl_0", 0 0, L_0x59ed94bab650;  1 drivers
v0x59ed94ba5290_0 .net *"_ivl_5", 0 0, L_0x59ed94bab7e0;  1 drivers
v0x59ed94ba5350_0 .net *"_ivl_6", 0 0, L_0x59ed94bab920;  1 drivers
v0x59ed94ba5410_0 .net *"_ivl_9", 0 0, L_0x59ed94bab9c0;  1 drivers
v0x59ed94ba54d0_0 .net "a", 0 0, L_0x59ed94babc20;  1 drivers
v0x59ed94ba55e0_0 .net "b", 0 0, L_0x59ed94babd50;  1 drivers
v0x59ed94ba56a0_0 .net "cin", 0 0, L_0x59ed94babe80;  1 drivers
v0x59ed94ba5760_0 .net "cout", 0 0, L_0x59ed94babad0;  1 drivers
v0x59ed94ba5820_0 .net "sum", 0 0, L_0x59ed94bab6f0;  1 drivers
S_0x59ed94ba5980 .scope module, "f2" "full_adder" 3 20, 6 1 0, S_0x59ed94b67df0;
 .timescale -9 -12;
    .port_info 0 /INPUT 1 "a";
    .port_info 1 /INPUT 1 "b";
    .port_info 2 /INPUT 1 "cin";
    .port_info 3 /OUTPUT 1 "sum";
    .port_info 4 /OUTPUT 1 "cout";
L_0x59ed94babf70 .functor XOR 1, L_0x59ed94bac4b0, L_0x59ed94bac610, C4<0>, C4<0>;
L_0x59ed94babfe0 .functor XOR 1, L_0x59ed94babf70, L_0x59ed94bac740, C4<0>, C4<0>;
L_0x59ed94bac0a0 .functor AND 1, L_0x59ed94bac4b0, L_0x59ed94bac610, C4<1>, C4<1>;
L_0x59ed94bac1b0 .functor XOR 1, L_0x59ed94bac4b0, L_0x59ed94bac610, C4<0>, C4<0>;
L_0x59ed94bac250 .functor AND 1, L_0x59ed94bac740, L_0x59ed94bac1b0, C4<1>, C4<1>;
L_0x59ed94bac360 .functor OR 1, L_0x59ed94bac0a0, L_0x59ed94bac250, C4<0>, C4<0>;
v0x59ed94ba5b10_0 .net *"_ivl_0", 0 0, L_0x59ed94babf70;  1 drivers
v0x59ed94ba5c10_0 .net *"_ivl_5", 0 0, L_0x59ed94bac0a0;  1 drivers
v0x59ed94ba5cd0_0 .net *"_ivl_6", 0 0, L_0x59ed94bac1b0;  1 drivers
v0x59ed94ba5dc0_0 .net *"_ivl_9", 0 0, L_0x59ed94bac250;  1 drivers
v0x59ed94ba5e80_0 .net "a", 0 0, L_0x59ed94bac4b0;  1 drivers
v0x59ed94ba5f90_0 .net "b", 0 0, L_0x59ed94bac610;  1 drivers
v0x59ed94ba6050_0 .net "cin", 0 0, L_0x59ed94bac740;  1 drivers
v0x59ed94ba6110_0 .net "cout", 0 0, L_0x59ed94bac360;  1 drivers
v0x59ed94ba61d0_0 .net "sum", 0 0, L_0x59ed94babfe0;  1 drivers
S_0x59ed94ba6330 .scope module, "f3" "full_adder" 3 21, 6 1 0, S_0x59ed94b67df0;
 .timescale -9 -12;
    .port_info 0 /INPUT 1 "a";
    .port_info 1 /INPUT 1 "b";
    .port_info 2 /INPUT 1 "cin";
    .port_info 3 /OUTPUT 1 "sum";
    .port_info 4 /OUTPUT 1 "cout";
L_0x59ed94bac820 .functor XOR 1, L_0x59ed94baccc0, L_0x59ed94bace80, C4<0>, C4<0>;
L_0x59ed94bac890 .functor XOR 1, L_0x59ed94bac820, L_0x59ed94bad090, C4<0>, C4<0>;
L_0x59ed94bac900 .functor AND 1, L_0x59ed94baccc0, L_0x59ed94bace80, C4<1>, C4<1>;
L_0x59ed94bac9c0 .functor XOR 1, L_0x59ed94baccc0, L_0x59ed94bace80, C4<0>, C4<0>;
L_0x59ed94baca60 .functor AND 1, L_0x59ed94bad090, L_0x59ed94bac9c0, C4<1>, C4<1>;
L_0x59ed94bacb70 .functor OR 1, L_0x59ed94bac900, L_0x59ed94baca60, C4<0>, C4<0>;
v0x59ed94ba6510_0 .net *"_ivl_0", 0 0, L_0x59ed94bac820;  1 drivers
v0x59ed94ba6610_0 .net *"_ivl_5", 0 0, L_0x59ed94bac900;  1 drivers
v0x59ed94ba66d0_0 .net *"_ivl_6", 0 0, L_0x59ed94bac9c0;  1 drivers
v0x59ed94ba6790_0 .net *"_ivl_9", 0 0, L_0x59ed94baca60;  1 drivers
v0x59ed94ba6850_0 .net "a", 0 0, L_0x59ed94baccc0;  1 drivers
v0x59ed94ba6960_0 .net "b", 0 0, L_0x59ed94bace80;  1 drivers
v0x59ed94ba6a20_0 .net "cin", 0 0, L_0x59ed94bad090;  1 drivers
v0x59ed94ba6ae0_0 .net "cout", 0 0, L_0x59ed94bacb70;  1 drivers
v0x59ed94ba6ba0_0 .net "sum", 0 0, L_0x59ed94bac890;  1 drivers
S_0x59ed94ba6d90 .scope module, "f4" "full_adder" 3 22, 6 1 0, S_0x59ed94b67df0;
 .timescale -9 -12;
    .port_info 0 /INPUT 1 "a";
    .port_info 1 /INPUT 1 "b";
    .port_info 2 /INPUT 1 "cin";
    .port_info 3 /OUTPUT 1 "sum";
    .port_info 4 /OUTPUT 1 "cout";
L_0x59ed94bad1c0 .functor XOR 1, L_0x59ed94bad570, L_0x59ed94bad700, C4<0>, C4<0>;
L_0x59ed94bad230 .functor XOR 1, L_0x59ed94bad1c0, L_0x59ed94bad830, C4<0>, C4<0>;
L_0x59ed94bad2a0 .functor AND 1, L_0x59ed94bad570, L_0x59ed94bad700, C4<1>, C4<1>;
L_0x59ed94bad310 .functor XOR 1, L_0x59ed94bad570, L_0x59ed94bad700, C4<0>, C4<0>;
L_0x59ed94bad3b0 .functor AND 1, L_0x59ed94bad830, L_0x59ed94bad310, C4<1>, C4<1>;
L_0x59ed94bad420 .functor OR 1, L_0x59ed94bad2a0, L_0x59ed94bad3b0, C4<0>, C4<0>;
v0x59ed94ba6f20_0 .net *"_ivl_0", 0 0, L_0x59ed94bad1c0;  1 drivers
v0x59ed94ba7020_0 .net *"_ivl_5", 0 0, L_0x59ed94bad2a0;  1 drivers
v0x59ed94ba70e0_0 .net *"_ivl_6", 0 0, L_0x59ed94bad310;  1 drivers
v0x59ed94ba71d0_0 .net *"_ivl_9", 0 0, L_0x59ed94bad3b0;  1 drivers
v0x59ed94ba7290_0 .net "a", 0 0, L_0x59ed94bad570;  1 drivers
v0x59ed94ba73a0_0 .net "b", 0 0, L_0x59ed94bad700;  1 drivers
v0x59ed94ba7460_0 .net "cin", 0 0, L_0x59ed94bad830;  1 drivers
v0x59ed94ba7520_0 .net "cout", 0 0, L_0x59ed94bad420;  1 drivers
v0x59ed94ba75e0_0 .net "sum", 0 0, L_0x59ed94bad230;  1 drivers
S_0x59ed94ba77d0 .scope module, "f5" "full_adder" 3 33, 6 1 0, S_0x59ed94b67df0;
 .timescale -9 -12;
    .port_info 0 /INPUT 1 "a";
    .port_info 1 /INPUT 1 "b";
    .port_info 2 /INPUT 1 "cin";
    .port_info 3 /OUTPUT 1 "sum";
    .port_info 4 /OUTPUT 1 "cout";
L_0x59ed94bb3a00 .functor XOR 1, L_0x59ed94bb3f40, L_0x59ed94bb4080, C4<0>, C4<0>;
L_0x59ed94bb3a70 .functor XOR 1, L_0x59ed94bb3a00, L_0x59ed94bb4120, C4<0>, C4<0>;
L_0x59ed94bb3b30 .functor AND 1, L_0x59ed94bb3f40, L_0x59ed94bb4080, C4<1>, C4<1>;
L_0x59ed94bb3c40 .functor XOR 1, L_0x59ed94bb3f40, L_0x59ed94bb4080, C4<0>, C4<0>;
L_0x59ed94bb3ce0 .functor AND 1, L_0x59ed94bb4120, L_0x59ed94bb3c40, C4<1>, C4<1>;
L_0x59ed94bb3df0 .functor OR 1, L_0x59ed94bb3b30, L_0x59ed94bb3ce0, C4<0>, C4<0>;
v0x59ed94ba7960_0 .net *"_ivl_0", 0 0, L_0x59ed94bb3a00;  1 drivers
v0x59ed94ba7a60_0 .net *"_ivl_5", 0 0, L_0x59ed94bb3b30;  1 drivers
v0x59ed94ba7b20_0 .net *"_ivl_6", 0 0, L_0x59ed94bb3c40;  1 drivers
v0x59ed94ba7c10_0 .net *"_ivl_9", 0 0, L_0x59ed94bb3ce0;  1 drivers
v0x59ed94ba7cd0_0 .net "a", 0 0, L_0x59ed94bb3f40;  1 drivers
v0x59ed94ba7de0_0 .net "b", 0 0, L_0x59ed94bb4080;  1 drivers
v0x59ed94ba7ea0_0 .net "cin", 0 0, L_0x59ed94bb4120;  1 drivers
v0x59ed94ba7f60_0 .net "cout", 0 0, L_0x59ed94bb3df0;  1 drivers
v0x59ed94ba8020_0 .net "sum", 0 0, L_0x59ed94bb3a70;  1 drivers
S_0x59ed94ba8210 .scope module, "f6" "full_adder" 3 34, 6 1 0, S_0x59ed94b67df0;
 .timescale -9 -12;
    .port_info 0 /INPUT 1 "a";
    .port_info 1 /INPUT 1 "b";
    .port_info 2 /INPUT 1 "cin";
    .port_info 3 /OUTPUT 1 "sum";
    .port_info 4 /OUTPUT 1 "cout";
L_0x59ed94bb4270 .functor XOR 1, L_0x59ed94bb3fe0, L_0x59ed94bb47f0, C4<0>, C4<0>;
L_0x59ed94bb42e0 .functor XOR 1, L_0x59ed94bb4270, L_0x59ed94bb4a70, C4<0>, C4<0>;
L_0x59ed94bb4350 .functor AND 1, L_0x59ed94bb3fe0, L_0x59ed94bb47f0, C4<1>, C4<1>;
L_0x59ed94bb4460 .functor XOR 1, L_0x59ed94bb3fe0, L_0x59ed94bb47f0, C4<0>, C4<0>;
L_0x59ed94bb4500 .functor AND 1, L_0x59ed94bb4a70, L_0x59ed94bb4460, C4<1>, C4<1>;
L_0x59ed94bb4610 .functor OR 1, L_0x59ed94bb4350, L_0x59ed94bb4500, C4<0>, C4<0>;
v0x59ed94ba83a0_0 .net *"_ivl_0", 0 0, L_0x59ed94bb4270;  1 drivers
v0x59ed94ba84a0_0 .net *"_ivl_5", 0 0, L_0x59ed94bb4350;  1 drivers
v0x59ed94ba8560_0 .net *"_ivl_6", 0 0, L_0x59ed94bb4460;  1 drivers
v0x59ed94ba8650_0 .net *"_ivl_9", 0 0, L_0x59ed94bb4500;  1 drivers
v0x59ed94ba8710_0 .net "a", 0 0, L_0x59ed94bb3fe0;  1 drivers
v0x59ed94ba8820_0 .net "b", 0 0, L_0x59ed94bb47f0;  1 drivers
v0x59ed94ba88e0_0 .net "cin", 0 0, L_0x59ed94bb4a70;  1 drivers
v0x59ed94ba89a0_0 .net "cout", 0 0, L_0x59ed94bb4610;  1 drivers
v0x59ed94ba8a60_0 .net "sum", 0 0, L_0x59ed94bb42e0;  1 drivers
S_0x59ed94ba8c50 .scope module, "f7" "full_adder" 3 35, 6 1 0, S_0x59ed94b67df0;
 .timescale -9 -12;
    .port_info 0 /INPUT 1 "a";
    .port_info 1 /INPUT 1 "b";
    .port_info 2 /INPUT 1 "cin";
    .port_info 3 /OUTPUT 1 "sum";
    .port_info 4 /OUTPUT 1 "cout";
L_0x59ed94bb4b10 .functor XOR 1, L_0x59ed94bb4f10, L_0x59ed94bb5110, C4<0>, C4<0>;
L_0x59ed94bb4b80 .functor XOR 1, L_0x59ed94bb4b10, L_0x59ed94bb5240, C4<0>, C4<0>;
L_0x59ed94bb4bf0 .functor AND 1, L_0x59ed94bb4f10, L_0x59ed94bb5110, C4<1>, C4<1>;
L_0x59ed94bb4c60 .functor XOR 1, L_0x59ed94bb4f10, L_0x59ed94bb5110, C4<0>, C4<0>;
L_0x59ed94bb4d00 .functor AND 1, L_0x59ed94bb5240, L_0x59ed94bb4c60, C4<1>, C4<1>;
L_0x59ed94bb4dc0 .functor OR 1, L_0x59ed94bb4bf0, L_0x59ed94bb4d00, C4<0>, C4<0>;
v0x59ed94ba8ef0_0 .net *"_ivl_0", 0 0, L_0x59ed94bb4b10;  1 drivers
v0x59ed94ba8ff0_0 .net *"_ivl_5", 0 0, L_0x59ed94bb4bf0;  1 drivers
v0x59ed94ba90b0_0 .net *"_ivl_6", 0 0, L_0x59ed94bb4c60;  1 drivers
v0x59ed94ba91a0_0 .net *"_ivl_9", 0 0, L_0x59ed94bb4d00;  1 drivers
v0x59ed94ba9260_0 .net "a", 0 0, L_0x59ed94bb4f10;  1 drivers
v0x59ed94ba9320_0 .net "b", 0 0, L_0x59ed94bb5110;  1 drivers
v0x59ed94ba93e0_0 .net "cin", 0 0, L_0x59ed94bb5240;  1 drivers
v0x59ed94ba94a0_0 .net "cout", 0 0, L_0x59ed94bb4dc0;  1 drivers
v0x59ed94ba9560_0 .net "sum", 0 0, L_0x59ed94bb4b80;  1 drivers
S_0x59ed94ba9750 .scope module, "h1" "half_adder" 3 32, 7 2 0, S_0x59ed94b67df0;
 .timescale -9 -12;
    .port_info 0 /INPUT 1 "a";
    .port_info 1 /INPUT 1 "b";
    .port_info 2 /OUTPUT 1 "sum";
    .port_info 3 /OUTPUT 1 "cout";
L_0x59ed94bb3610 .functor XOR 1, L_0x59ed94bb3790, L_0x59ed94bb3910, C4<0>, C4<0>;
L_0x59ed94bb3680 .functor AND 1, L_0x59ed94bb3790, L_0x59ed94bb3910, C4<1>, C4<1>;
v0x59ed94ba9950_0 .net "a", 0 0, L_0x59ed94bb3790;  1 drivers
v0x59ed94ba9a30_0 .net "b", 0 0, L_0x59ed94bb3910;  1 drivers
v0x59ed94ba9af0_0 .net "cout", 0 0, L_0x59ed94bb3680;  1 drivers
v0x59ed94ba9bc0_0 .net "sum", 0 0, L_0x59ed94bb3610;  1 drivers
S_0x59ed94ba9d30 .scope module, "h2" "half_adder" 3 36, 7 2 0, S_0x59ed94b67df0;
 .timescale -9 -12;
    .port_info 0 /INPUT 1 "a";
    .port_info 1 /INPUT 1 "b";
    .port_info 2 /OUTPUT 1 "sum";
    .port_info 3 /OUTPUT 1 "cout";
L_0x59ed94bb5450 .functor XOR 1, L_0x59ed94bb5530, L_0x59ed94bb55d0, C4<0>, C4<0>;
L_0x59ed94bb54c0 .functor AND 1, L_0x59ed94bb5530, L_0x59ed94bb55d0, C4<1>, C4<1>;
v0x59ed94ba9f80_0 .net "a", 0 0, L_0x59ed94bb5530;  1 drivers
v0x59ed94baa060_0 .net "b", 0 0, L_0x59ed94bb55d0;  1 drivers
v0x59ed94baa120_0 .net "cout", 0 0, L_0x59ed94bb54c0;  1 drivers
v0x59ed94baa1f0_0 .net "sum", 0 0, L_0x59ed94bb5450;  1 drivers
    .scope S_0x59ed94b6a870;
T_0 ;
    %pushi/vec4 0, 0, 4;
    %store/vec4 v0x59ed94bab0d0_0, 0, 4;
    %pushi/vec4 0, 0, 4;
    %store/vec4 v0x59ed94bab1e0_0, 0, 4;
    %pushi/vec4 0, 0, 4;
    %store/vec4 v0x59ed94bab2b0_0, 0, 4;
    %pushi/vec4 0, 0, 4;
    %store/vec4 v0x59ed94bab3b0_0, 0, 4;
    %pushi/vec4 0, 0, 4;
    %store/vec4 v0x59ed94bab450_0, 0, 4;
    %delay 10000, 0;
    %vpi_call 2 24 "$display", "TC1: A=%b B=%b C=%b D=%b E=%b => S=%b", v0x59ed94bab0d0_0, v0x59ed94bab1e0_0, v0x59ed94bab2b0_0, v0x59ed94bab3b0_0, v0x59ed94bab450_0, v0x59ed94bab590_0 {0 0 0};
    %pushi/vec4 8, 0, 4;
    %store/vec4 v0x59ed94bab0d0_0, 0, 4;
    %pushi/vec4 4, 0, 4;
    %store/vec4 v0x59ed94bab1e0_0, 0, 4;
    %pushi/vec4 2, 0, 4;
    %store/vec4 v0x59ed94bab2b0_0, 0, 4;
    %pushi/vec4 1, 0, 4;
    %store/vec4 v0x59ed94bab3b0_0, 0, 4;
    %pushi/vec4 0, 0, 4;
    %store/vec4 v0x59ed94bab450_0, 0, 4;
    %delay 10000, 0;
    %vpi_call 2 29 "$display", "TC2: A=%b B=%b C=%b D=%b E=%b => S=%b", v0x59ed94bab0d0_0, v0x59ed94bab1e0_0, v0x59ed94bab2b0_0, v0x59ed94bab3b0_0, v0x59ed94bab450_0, v0x59ed94bab590_0 {0 0 0};
    %pushi/vec4 15, 0, 4;
    %store/vec4 v0x59ed94bab0d0_0, 0, 4;
    %pushi/vec4 15, 0, 4;
    %store/vec4 v0x59ed94bab1e0_0, 0, 4;
    %pushi/vec4 15, 0, 4;
    %store/vec4 v0x59ed94bab2b0_0, 0, 4;
    %pushi/vec4 15, 0, 4;
    %store/vec4 v0x59ed94bab3b0_0, 0, 4;
    %pushi/vec4 15, 0, 4;
    %store/vec4 v0x59ed94bab450_0, 0, 4;
    %delay 10000, 0;
    %vpi_call 2 34 "$display", "TC3: A=%b B=%b C=%b D=%b E=%b => S=%b", v0x59ed94bab0d0_0, v0x59ed94bab1e0_0, v0x59ed94bab2b0_0, v0x59ed94bab3b0_0, v0x59ed94bab450_0, v0x59ed94bab590_0 {0 0 0};
    %pushi/vec4 10, 0, 4;
    %store/vec4 v0x59ed94bab0d0_0, 0, 4;
    %pushi/vec4 5, 0, 4;
    %store/vec4 v0x59ed94bab1e0_0, 0, 4;
    %pushi/vec4 10, 0, 4;
    %store/vec4 v0x59ed94bab2b0_0, 0, 4;
    %pushi/vec4 5, 0, 4;
    %store/vec4 v0x59ed94bab3b0_0, 0, 4;
    %pushi/vec4 10, 0, 4;
    %store/vec4 v0x59ed94bab450_0, 0, 4;
    %delay 10000, 0;
    %vpi_call 2 39 "$display", "TC4: A=%b B=%b C=%b D=%b E=%b => S=%b", v0x59ed94bab0d0_0, v0x59ed94bab1e0_0, v0x59ed94bab2b0_0, v0x59ed94bab3b0_0, v0x59ed94bab450_0, v0x59ed94bab590_0 {0 0 0};
    %pushi/vec4 12, 0, 4;
    %store/vec4 v0x59ed94bab0d0_0, 0, 4;
    %pushi/vec4 3, 0, 4;
    %store/vec4 v0x59ed94bab1e0_0, 0, 4;
    %pushi/vec4 12, 0, 4;
    %store/vec4 v0x59ed94bab2b0_0, 0, 4;
    %pushi/vec4 3, 0, 4;
    %store/vec4 v0x59ed94bab3b0_0, 0, 4;
    %pushi/vec4 12, 0, 4;
    %store/vec4 v0x59ed94bab450_0, 0, 4;
    %delay 10000, 0;
    %vpi_call 2 44 "$display", "TC5: A=%b B=%b C=%b D=%b E=%b => S=%b", v0x59ed94bab0d0_0, v0x59ed94bab1e0_0, v0x59ed94bab2b0_0, v0x59ed94bab3b0_0, v0x59ed94bab450_0, v0x59ed94bab590_0 {0 0 0};
    %pushi/vec4 11, 0, 4;
    %store/vec4 v0x59ed94bab0d0_0, 0, 4;
    %pushi/vec4 13, 0, 4;
    %store/vec4 v0x59ed94bab1e0_0, 0, 4;
    %pushi/vec4 7, 0, 4;
    %store/vec4 v0x59ed94bab2b0_0, 0, 4;
    %pushi/vec4 5, 0, 4;
    %store/vec4 v0x59ed94bab3b0_0, 0, 4;
    %pushi/vec4 3, 0, 4;
    %store/vec4 v0x59ed94bab450_0, 0, 4;
    %delay 10000, 0;
    %vpi_call 2 49 "$display", "TC6: A=%b B=%b C=%b D=%b E=%b => S=%b", v0x59ed94bab0d0_0, v0x59ed94bab1e0_0, v0x59ed94bab2b0_0, v0x59ed94bab3b0_0, v0x59ed94bab450_0, v0x59ed94bab590_0 {0 0 0};
    %vpi_call 2 51 "$finish" {0 0 0};
    %end;
    .thread T_0;
# The file index is used to find the file name in the following table.
:file_names 8;
    "N/A";
    "<interactive>";
    "DO_NOT_OPEN/test_wallace_tree_adder.v";
    "././wallace_tree_adder.v";
    "./carry_look_ahead_4_bit_adder.v";
    "./carry_look_ahead_5_bit_adder.v";
    "./full_adder.v";
    "./half_adder.v";
