#! /usr/bin/vvp
:ivl_version "12.0 (stable)";
:ivl_delay_selection "TYPICAL";
:vpi_time_precision - 12;
:vpi_module "/usr/lib/x86_64-linux-gnu/ivl/system.vpi";
:vpi_module "/usr/lib/x86_64-linux-gnu/ivl/vhdl_sys.vpi";
:vpi_module "/usr/lib/x86_64-linux-gnu/ivl/vhdl_textio.vpi";
:vpi_module "/usr/lib/x86_64-linux-gnu/ivl/v2005_math.vpi";
:vpi_module "/usr/lib/x86_64-linux-gnu/ivl/va_math.vpi";
S_0x64f6c4ee30c0 .scope module, "test_carry_look_ahead_5_bit_adder" "test_carry_look_ahead_5_bit_adder" 2 3;
 .timescale -9 -12;
v0x64f6c4f1f5e0_0 .var "A", 4 0;
v0x64f6c4f1f6c0_0 .var "B", 4 0;
v0x64f6c4f1f760_0 .var "Cin", 0 0;
v0x64f6c4f1f800_0 .net "Cout", 0 0, L_0x64f6c4f29370;  1 drivers
v0x64f6c4f1f8d0_0 .net "Sum", 4 0, L_0x64f6c4f27b10;  1 drivers
S_0x64f6c4ee3250 .scope module, "uut" "carry_look_ahead_5_bit_adder" 2 12, 3 1 0, S_0x64f6c4ee30c0;
 .timescale -9 -12;
    .port_info 0 /INPUT 5 "A";
    .port_info 1 /INPUT 5 "B";
    .port_info 2 /INPUT 1 "Cin";
    .port_info 3 /OUTPUT 5 "Sum";
    .port_info 4 /OUTPUT 1 "Cout";
L_0x64f6c4f1fb80 .functor XOR 1, L_0x64f6c4f1f970, L_0x64f6c4f1fa90, C4<0>, C4<0>;
L_0x64f6c4f1fe00 .functor XOR 1, L_0x64f6c4f1fc90, L_0x64f6c4f1fd30, C4<0>, C4<0>;
L_0x64f6c4f200c0 .functor XOR 1, L_0x64f6c4f1ff40, L_0x64f6c4f1ffe0, C4<0>, C4<0>;
L_0x64f6c4f20450 .functor XOR 1, L_0x64f6c4f202c0, L_0x64f6c4f203b0, C4<0>, C4<0>;
L_0x64f6c4f20780 .functor AND 1, L_0x64f6c4f205e0, L_0x64f6c4f206e0, C4<1>, C4<1>;
L_0x64f6c4f209f0 .functor AND 1, L_0x64f6c4f20840, L_0x64f6c4f20950, C4<1>, C4<1>;
L_0x64f6c4f208e0 .functor AND 1, L_0x64f6c4f20b70, L_0x64f6c4f20c90, C4<1>, C4<1>;
L_0x64f6c4f211d0 .functor AND 1, L_0x64f6c4f20ff0, L_0x64f6c4f21090, C4<1>, C4<1>;
L_0x64f6c4f21470 .functor AND 1, v0x64f6c4f1f760_0, L_0x64f6c4f21380, C4<1>, C4<1>;
L_0x64f6c4f21720 .functor OR 1, L_0x64f6c4f21470, L_0x64f6c4f21580, C4<0>, C4<0>;
L_0x64f6c4f21890 .functor AND 1, v0x64f6c4f1f760_0, L_0x64f6c4f21130, C4<1>, C4<1>;
L_0x64f6c4f21a60 .functor AND 1, L_0x64f6c4f21890, L_0x64f6c4f21900, C4<1>, C4<1>;
L_0x64f6c4f21da0 .functor AND 1, L_0x64f6c4f21b90, L_0x64f6c4f21c30, C4<1>, C4<1>;
L_0x64f6c4f21eb0 .functor OR 1, L_0x64f6c4f21a60, L_0x64f6c4f21da0, C4<0>, C4<0>;
L_0x64f6c4f21b20 .functor OR 1, L_0x64f6c4f21eb0, L_0x64f6c4f22040, C4<0>, C4<0>;
L_0x64f6c4f222b0 .functor AND 1, v0x64f6c4f1f760_0, L_0x64f6c4f22130, C4<1>, C4<1>;
L_0x64f6c4f22450 .functor AND 1, L_0x64f6c4f222b0, L_0x64f6c4f223b0, C4<1>, C4<1>;
L_0x64f6c4f22800 .functor AND 1, L_0x64f6c4f22450, L_0x64f6c4f22560, C4<1>, C4<1>;
L_0x64f6c4f22bf0 .functor AND 1, L_0x64f6c4f229b0, L_0x64f6c4f22a50, C4<1>, C4<1>;
L_0x64f6c4f22da0 .functor AND 1, L_0x64f6c4f22bf0, L_0x64f6c4f22d00, C4<1>, C4<1>;
L_0x64f6c4f22f60 .functor OR 1, L_0x64f6c4f22800, L_0x64f6c4f22da0, C4<0>, C4<0>;
L_0x64f6c4f23220 .functor AND 1, L_0x64f6c4f22910, L_0x64f6c4f23180, C4<1>, C4<1>;
L_0x64f6c4f233f0 .functor OR 1, L_0x64f6c4f22f60, L_0x64f6c4f23220, C4<0>, C4<0>;
L_0x64f6c4f236c0 .functor OR 1, L_0x64f6c4f233f0, L_0x64f6c4f23500, C4<0>, C4<0>;
L_0x64f6c4f23940 .functor AND 1, v0x64f6c4f1f760_0, L_0x64f6c4f238a0, C4<1>, C4<1>;
L_0x64f6c4f23bd0 .functor AND 1, L_0x64f6c4f23940, L_0x64f6c4f23a00, C4<1>, C4<1>;
L_0x64f6c4f23e60 .functor AND 1, L_0x64f6c4f23bd0, L_0x64f6c4f23dc0, C4<1>, C4<1>;
L_0x64f6c4f24150 .functor AND 1, L_0x64f6c4f23e60, L_0x64f6c4f23f70, C4<1>, C4<1>;
L_0x64f6c4f245e0 .functor AND 1, L_0x64f6c4f24350, L_0x64f6c4f243f0, C4<1>, C4<1>;
L_0x64f6c4f247c0 .functor AND 1, L_0x64f6c4f245e0, L_0x64f6c4f24720, C4<1>, C4<1>;
L_0x64f6c4f24bd0 .functor AND 1, L_0x64f6c4f247c0, L_0x64f6c4f249d0, C4<1>, C4<1>;
L_0x64f6c4f24ce0 .functor OR 1, L_0x64f6c4f24150, L_0x64f6c4f24bd0, C4<0>, C4<0>;
L_0x64f6c4f251b0 .functor AND 1, L_0x64f6c4f24f00, L_0x64f6c4f24fa0, C4<1>, C4<1>;
L_0x64f6c4f25360 .functor AND 1, L_0x64f6c4f251b0, L_0x64f6c4f252c0, C4<1>, C4<1>;
L_0x64f6c4f25590 .functor OR 1, L_0x64f6c4f24ce0, L_0x64f6c4f25360, C4<0>, C4<0>;
L_0x64f6c4f25960 .functor AND 1, L_0x64f6c4f256a0, L_0x64f6c4f258c0, C4<1>, C4<1>;
L_0x64f6c4f25ba0 .functor OR 1, L_0x64f6c4f25590, L_0x64f6c4f25960, C4<0>, C4<0>;
L_0x64f6c4f25ee0 .functor OR 1, L_0x64f6c4f25ba0, L_0x64f6c4f25cb0, C4<0>, C4<0>;
L_0x64f6c4f26410 .functor XOR 1, L_0x64f6c4f26130, L_0x64f6c4f261d0, C4<0>, C4<0>;
L_0x64f6c4f26520 .functor XOR 1, L_0x64f6c4f26410, v0x64f6c4f1f760_0, C4<0>, C4<0>;
L_0x64f6c4f26a20 .functor XOR 1, L_0x64f6c4f26730, L_0x64f6c4f267d0, C4<0>, C4<0>;
L_0x64f6c4f26b60 .functor XOR 1, L_0x64f6c4f26a20, L_0x64f6c4f21720, C4<0>, C4<0>;
L_0x64f6c4f270d0 .functor XOR 1, L_0x64f6c4f26dd0, L_0x64f6c4f26e70, C4<0>, C4<0>;
L_0x64f6c4f271e0 .functor XOR 1, L_0x64f6c4f270d0, L_0x64f6c4f21b20, C4<0>, C4<0>;
L_0x64f6c4f27770 .functor XOR 1, L_0x64f6c4f27460, L_0x64f6c4f27500, C4<0>, C4<0>;
L_0x64f6c4f27880 .functor XOR 1, L_0x64f6c4f27770, L_0x64f6c4f236c0, C4<0>, C4<0>;
L_0x64f6c4f28060 .functor XOR 1, L_0x64f6c4f27d40, L_0x64f6c4f27fc0, C4<0>, C4<0>;
L_0x64f6c4f28170 .functor XOR 1, L_0x64f6c4f28060, L_0x64f6c4f25ee0, C4<0>, C4<0>;
L_0x64f6c4f28790 .functor XOR 1, L_0x64f6c4f28460, L_0x64f6c4f286f0, C4<0>, C4<0>;
L_0x64f6c4f288a0 .functor AND 1, L_0x64f6c4f25ee0, L_0x64f6c4f28790, C4<1>, C4<1>;
L_0x64f6c4f29260 .functor AND 1, L_0x64f6c4f28b00, L_0x64f6c4f28fb0, C4<1>, C4<1>;
L_0x64f6c4f29370 .functor OR 1, L_0x64f6c4f288a0, L_0x64f6c4f29260, C4<0>, C4<0>;
v0x64f6c4ee3430_0 .net "A", 4 0, v0x64f6c4f1f5e0_0;  1 drivers
v0x64f6c4f18d50_0 .net "B", 4 0, v0x64f6c4f1f6c0_0;  1 drivers
v0x64f6c4f18e30_0 .net "Cin", 0 0, v0x64f6c4f1f760_0;  1 drivers
v0x64f6c4f18ed0_0 .net "Cout", 0 0, L_0x64f6c4f29370;  alias, 1 drivers
v0x64f6c4f18f90_0 .net "Sum", 4 0, L_0x64f6c4f27b10;  alias, 1 drivers
v0x64f6c4f190c0_0 .net *"_ivl_101", 0 0, L_0x64f6c4f22450;  1 drivers
v0x64f6c4f19180_0 .net *"_ivl_103", 0 0, L_0x64f6c4f22560;  1 drivers
v0x64f6c4f19260_0 .net *"_ivl_105", 0 0, L_0x64f6c4f22800;  1 drivers
v0x64f6c4f19320_0 .net *"_ivl_107", 0 0, L_0x64f6c4f229b0;  1 drivers
v0x64f6c4f19400_0 .net *"_ivl_109", 0 0, L_0x64f6c4f22a50;  1 drivers
v0x64f6c4f194e0_0 .net *"_ivl_11", 0 0, L_0x64f6c4f1fc90;  1 drivers
v0x64f6c4f195c0_0 .net *"_ivl_111", 0 0, L_0x64f6c4f22bf0;  1 drivers
v0x64f6c4f19680_0 .net *"_ivl_113", 0 0, L_0x64f6c4f22d00;  1 drivers
v0x64f6c4f19760_0 .net *"_ivl_115", 0 0, L_0x64f6c4f22da0;  1 drivers
v0x64f6c4f19820_0 .net *"_ivl_117", 0 0, L_0x64f6c4f22f60;  1 drivers
v0x64f6c4f198e0_0 .net *"_ivl_119", 0 0, L_0x64f6c4f22910;  1 drivers
v0x64f6c4f199c0_0 .net *"_ivl_121", 0 0, L_0x64f6c4f23180;  1 drivers
v0x64f6c4f19aa0_0 .net *"_ivl_123", 0 0, L_0x64f6c4f23220;  1 drivers
v0x64f6c4f19b60_0 .net *"_ivl_125", 0 0, L_0x64f6c4f233f0;  1 drivers
v0x64f6c4f19c20_0 .net *"_ivl_127", 0 0, L_0x64f6c4f23500;  1 drivers
v0x64f6c4f19d00_0 .net *"_ivl_13", 0 0, L_0x64f6c4f1fd30;  1 drivers
v0x64f6c4f19de0_0 .net *"_ivl_131", 0 0, L_0x64f6c4f238a0;  1 drivers
v0x64f6c4f19ec0_0 .net *"_ivl_133", 0 0, L_0x64f6c4f23940;  1 drivers
v0x64f6c4f19f80_0 .net *"_ivl_135", 0 0, L_0x64f6c4f23a00;  1 drivers
v0x64f6c4f1a060_0 .net *"_ivl_137", 0 0, L_0x64f6c4f23bd0;  1 drivers
v0x64f6c4f1a120_0 .net *"_ivl_139", 0 0, L_0x64f6c4f23dc0;  1 drivers
v0x64f6c4f1a200_0 .net *"_ivl_14", 0 0, L_0x64f6c4f1fe00;  1 drivers
v0x64f6c4f1a2e0_0 .net *"_ivl_141", 0 0, L_0x64f6c4f23e60;  1 drivers
v0x64f6c4f1a3a0_0 .net *"_ivl_143", 0 0, L_0x64f6c4f23f70;  1 drivers
v0x64f6c4f1a480_0 .net *"_ivl_145", 0 0, L_0x64f6c4f24150;  1 drivers
v0x64f6c4f1a540_0 .net *"_ivl_147", 0 0, L_0x64f6c4f24350;  1 drivers
v0x64f6c4f1a620_0 .net *"_ivl_149", 0 0, L_0x64f6c4f243f0;  1 drivers
v0x64f6c4f1a700_0 .net *"_ivl_151", 0 0, L_0x64f6c4f245e0;  1 drivers
v0x64f6c4f1a9d0_0 .net *"_ivl_153", 0 0, L_0x64f6c4f24720;  1 drivers
v0x64f6c4f1aab0_0 .net *"_ivl_155", 0 0, L_0x64f6c4f247c0;  1 drivers
v0x64f6c4f1ab70_0 .net *"_ivl_157", 0 0, L_0x64f6c4f249d0;  1 drivers
v0x64f6c4f1ac50_0 .net *"_ivl_159", 0 0, L_0x64f6c4f24bd0;  1 drivers
v0x64f6c4f1ad10_0 .net *"_ivl_161", 0 0, L_0x64f6c4f24ce0;  1 drivers
v0x64f6c4f1add0_0 .net *"_ivl_163", 0 0, L_0x64f6c4f24f00;  1 drivers
v0x64f6c4f1aeb0_0 .net *"_ivl_165", 0 0, L_0x64f6c4f24fa0;  1 drivers
v0x64f6c4f1af90_0 .net *"_ivl_167", 0 0, L_0x64f6c4f251b0;  1 drivers
v0x64f6c4f1b050_0 .net *"_ivl_169", 0 0, L_0x64f6c4f252c0;  1 drivers
v0x64f6c4f1b130_0 .net *"_ivl_171", 0 0, L_0x64f6c4f25360;  1 drivers
v0x64f6c4f1b1f0_0 .net *"_ivl_173", 0 0, L_0x64f6c4f25590;  1 drivers
v0x64f6c4f1b2b0_0 .net *"_ivl_175", 0 0, L_0x64f6c4f256a0;  1 drivers
v0x64f6c4f1b390_0 .net *"_ivl_177", 0 0, L_0x64f6c4f258c0;  1 drivers
v0x64f6c4f1b470_0 .net *"_ivl_179", 0 0, L_0x64f6c4f25960;  1 drivers
v0x64f6c4f1b530_0 .net *"_ivl_181", 0 0, L_0x64f6c4f25ba0;  1 drivers
v0x64f6c4f1b5f0_0 .net *"_ivl_183", 0 0, L_0x64f6c4f25cb0;  1 drivers
v0x64f6c4f1b6d0_0 .net *"_ivl_189", 0 0, L_0x64f6c4f26130;  1 drivers
v0x64f6c4f1b7b0_0 .net *"_ivl_19", 0 0, L_0x64f6c4f1ff40;  1 drivers
v0x64f6c4f1b890_0 .net *"_ivl_191", 0 0, L_0x64f6c4f261d0;  1 drivers
v0x64f6c4f1b970_0 .net *"_ivl_192", 0 0, L_0x64f6c4f26410;  1 drivers
v0x64f6c4f1ba50_0 .net *"_ivl_194", 0 0, L_0x64f6c4f26520;  1 drivers
v0x64f6c4f1bb30_0 .net *"_ivl_199", 0 0, L_0x64f6c4f26730;  1 drivers
v0x64f6c4f1bc10_0 .net *"_ivl_201", 0 0, L_0x64f6c4f267d0;  1 drivers
v0x64f6c4f1bcf0_0 .net *"_ivl_202", 0 0, L_0x64f6c4f26a20;  1 drivers
v0x64f6c4f1bdd0_0 .net *"_ivl_204", 0 0, L_0x64f6c4f26b60;  1 drivers
v0x64f6c4f1beb0_0 .net *"_ivl_209", 0 0, L_0x64f6c4f26dd0;  1 drivers
v0x64f6c4f1bf90_0 .net *"_ivl_21", 0 0, L_0x64f6c4f1ffe0;  1 drivers
v0x64f6c4f1c070_0 .net *"_ivl_211", 0 0, L_0x64f6c4f26e70;  1 drivers
v0x64f6c4f1c150_0 .net *"_ivl_212", 0 0, L_0x64f6c4f270d0;  1 drivers
v0x64f6c4f1c230_0 .net *"_ivl_214", 0 0, L_0x64f6c4f271e0;  1 drivers
v0x64f6c4f1c310_0 .net *"_ivl_219", 0 0, L_0x64f6c4f27460;  1 drivers
v0x64f6c4f1c3f0_0 .net *"_ivl_22", 0 0, L_0x64f6c4f200c0;  1 drivers
v0x64f6c4f1c8e0_0 .net *"_ivl_221", 0 0, L_0x64f6c4f27500;  1 drivers
v0x64f6c4f1c9c0_0 .net *"_ivl_222", 0 0, L_0x64f6c4f27770;  1 drivers
v0x64f6c4f1caa0_0 .net *"_ivl_224", 0 0, L_0x64f6c4f27880;  1 drivers
v0x64f6c4f1cb80_0 .net *"_ivl_230", 0 0, L_0x64f6c4f27d40;  1 drivers
v0x64f6c4f1cc60_0 .net *"_ivl_232", 0 0, L_0x64f6c4f27fc0;  1 drivers
v0x64f6c4f1cd40_0 .net *"_ivl_233", 0 0, L_0x64f6c4f28060;  1 drivers
v0x64f6c4f1ce20_0 .net *"_ivl_235", 0 0, L_0x64f6c4f28170;  1 drivers
v0x64f6c4f1cf00_0 .net *"_ivl_238", 0 0, L_0x64f6c4f28460;  1 drivers
v0x64f6c4f1cfe0_0 .net *"_ivl_240", 0 0, L_0x64f6c4f286f0;  1 drivers
v0x64f6c4f1d0c0_0 .net *"_ivl_241", 0 0, L_0x64f6c4f28790;  1 drivers
v0x64f6c4f1d1a0_0 .net *"_ivl_244", 0 0, L_0x64f6c4f288a0;  1 drivers
v0x64f6c4f1d260_0 .net *"_ivl_246", 0 0, L_0x64f6c4f28b00;  1 drivers
v0x64f6c4f1d340_0 .net *"_ivl_248", 0 0, L_0x64f6c4f28fb0;  1 drivers
v0x64f6c4f1d420_0 .net *"_ivl_250", 0 0, L_0x64f6c4f29260;  1 drivers
v0x64f6c4f1d4e0_0 .net *"_ivl_28", 0 0, L_0x64f6c4f202c0;  1 drivers
v0x64f6c4f1d5c0_0 .net *"_ivl_3", 0 0, L_0x64f6c4f1f970;  1 drivers
v0x64f6c4f1d6a0_0 .net *"_ivl_30", 0 0, L_0x64f6c4f203b0;  1 drivers
v0x64f6c4f1d780_0 .net *"_ivl_31", 0 0, L_0x64f6c4f20450;  1 drivers
v0x64f6c4f1d860_0 .net *"_ivl_36", 0 0, L_0x64f6c4f205e0;  1 drivers
v0x64f6c4f1d940_0 .net *"_ivl_38", 0 0, L_0x64f6c4f206e0;  1 drivers
v0x64f6c4f1da20_0 .net *"_ivl_40", 0 0, L_0x64f6c4f20780;  1 drivers
v0x64f6c4f1dae0_0 .net *"_ivl_44", 0 0, L_0x64f6c4f20840;  1 drivers
v0x64f6c4f1dbc0_0 .net *"_ivl_46", 0 0, L_0x64f6c4f20950;  1 drivers
v0x64f6c4f1dca0_0 .net *"_ivl_48", 0 0, L_0x64f6c4f209f0;  1 drivers
v0x64f6c4f1dd60_0 .net *"_ivl_5", 0 0, L_0x64f6c4f1fa90;  1 drivers
v0x64f6c4f1de40_0 .net *"_ivl_52", 0 0, L_0x64f6c4f20b70;  1 drivers
v0x64f6c4f1df20_0 .net *"_ivl_54", 0 0, L_0x64f6c4f20c90;  1 drivers
v0x64f6c4f1e000_0 .net *"_ivl_56", 0 0, L_0x64f6c4f208e0;  1 drivers
v0x64f6c4f1e0c0_0 .net *"_ivl_6", 0 0, L_0x64f6c4f1fb80;  1 drivers
v0x64f6c4f1e1a0_0 .net *"_ivl_61", 0 0, L_0x64f6c4f20ff0;  1 drivers
v0x64f6c4f1e280_0 .net *"_ivl_63", 0 0, L_0x64f6c4f21090;  1 drivers
v0x64f6c4f1e360_0 .net *"_ivl_65", 0 0, L_0x64f6c4f211d0;  1 drivers
v0x64f6c4f1e420_0 .net *"_ivl_67", 0 0, L_0x64f6c4f21380;  1 drivers
v0x64f6c4f1e500_0 .net *"_ivl_69", 0 0, L_0x64f6c4f21470;  1 drivers
v0x64f6c4f1e5c0_0 .net *"_ivl_71", 0 0, L_0x64f6c4f21580;  1 drivers
v0x64f6c4f1e6a0_0 .net *"_ivl_75", 0 0, L_0x64f6c4f21130;  1 drivers
v0x64f6c4f1e780_0 .net *"_ivl_77", 0 0, L_0x64f6c4f21890;  1 drivers
v0x64f6c4f1e840_0 .net *"_ivl_79", 0 0, L_0x64f6c4f21900;  1 drivers
v0x64f6c4f1e920_0 .net *"_ivl_81", 0 0, L_0x64f6c4f21a60;  1 drivers
v0x64f6c4f1e9e0_0 .net *"_ivl_83", 0 0, L_0x64f6c4f21b90;  1 drivers
v0x64f6c4f1eac0_0 .net *"_ivl_85", 0 0, L_0x64f6c4f21c30;  1 drivers
v0x64f6c4f1eba0_0 .net *"_ivl_87", 0 0, L_0x64f6c4f21da0;  1 drivers
v0x64f6c4f1ec60_0 .net *"_ivl_89", 0 0, L_0x64f6c4f21eb0;  1 drivers
v0x64f6c4f1ed20_0 .net *"_ivl_91", 0 0, L_0x64f6c4f22040;  1 drivers
v0x64f6c4f1ee00_0 .net *"_ivl_95", 0 0, L_0x64f6c4f22130;  1 drivers
v0x64f6c4f1eee0_0 .net *"_ivl_97", 0 0, L_0x64f6c4f222b0;  1 drivers
v0x64f6c4f1efa0_0 .net *"_ivl_99", 0 0, L_0x64f6c4f223b0;  1 drivers
v0x64f6c4f1f080_0 .net "c1", 0 0, L_0x64f6c4f21720;  1 drivers
v0x64f6c4f1f140_0 .net "c2", 0 0, L_0x64f6c4f21b20;  1 drivers
v0x64f6c4f1f200_0 .net "c3", 0 0, L_0x64f6c4f236c0;  1 drivers
v0x64f6c4f1f2c0_0 .net "c4", 0 0, L_0x64f6c4f25ee0;  1 drivers
v0x64f6c4f1f380_0 .net "g", 3 0, L_0x64f6c4f20dd0;  1 drivers
v0x64f6c4f1f460_0 .net "p", 3 0, L_0x64f6c4f20130;  1 drivers
L_0x64f6c4f1f970 .part v0x64f6c4f1f5e0_0, 0, 1;
L_0x64f6c4f1fa90 .part v0x64f6c4f1f6c0_0, 0, 1;
L_0x64f6c4f1fc90 .part v0x64f6c4f1f5e0_0, 1, 1;
L_0x64f6c4f1fd30 .part v0x64f6c4f1f6c0_0, 1, 1;
L_0x64f6c4f1ff40 .part v0x64f6c4f1f5e0_0, 2, 1;
L_0x64f6c4f1ffe0 .part v0x64f6c4f1f6c0_0, 2, 1;
L_0x64f6c4f20130 .concat8 [ 1 1 1 1], L_0x64f6c4f1fb80, L_0x64f6c4f1fe00, L_0x64f6c4f200c0, L_0x64f6c4f20450;
L_0x64f6c4f202c0 .part v0x64f6c4f1f5e0_0, 3, 1;
L_0x64f6c4f203b0 .part v0x64f6c4f1f6c0_0, 3, 1;
L_0x64f6c4f205e0 .part v0x64f6c4f1f5e0_0, 0, 1;
L_0x64f6c4f206e0 .part v0x64f6c4f1f6c0_0, 0, 1;
L_0x64f6c4f20840 .part v0x64f6c4f1f5e0_0, 1, 1;
L_0x64f6c4f20950 .part v0x64f6c4f1f6c0_0, 1, 1;
L_0x64f6c4f20b70 .part v0x64f6c4f1f5e0_0, 2, 1;
L_0x64f6c4f20c90 .part v0x64f6c4f1f6c0_0, 2, 1;
L_0x64f6c4f20dd0 .concat8 [ 1 1 1 1], L_0x64f6c4f20780, L_0x64f6c4f209f0, L_0x64f6c4f208e0, L_0x64f6c4f211d0;
L_0x64f6c4f20ff0 .part v0x64f6c4f1f5e0_0, 3, 1;
L_0x64f6c4f21090 .part v0x64f6c4f1f6c0_0, 3, 1;
L_0x64f6c4f21380 .part L_0x64f6c4f20130, 0, 1;
L_0x64f6c4f21580 .part L_0x64f6c4f20dd0, 0, 1;
L_0x64f6c4f21130 .part L_0x64f6c4f20130, 0, 1;
L_0x64f6c4f21900 .part L_0x64f6c4f20130, 1, 1;
L_0x64f6c4f21b90 .part L_0x64f6c4f20130, 1, 1;
L_0x64f6c4f21c30 .part L_0x64f6c4f20dd0, 0, 1;
L_0x64f6c4f22040 .part L_0x64f6c4f20dd0, 1, 1;
L_0x64f6c4f22130 .part L_0x64f6c4f20130, 0, 1;
L_0x64f6c4f223b0 .part L_0x64f6c4f20130, 1, 1;
L_0x64f6c4f22560 .part L_0x64f6c4f20130, 2, 1;
L_0x64f6c4f229b0 .part L_0x64f6c4f20130, 1, 1;
L_0x64f6c4f22a50 .part L_0x64f6c4f20dd0, 0, 1;
L_0x64f6c4f22d00 .part L_0x64f6c4f20130, 2, 1;
L_0x64f6c4f22910 .part L_0x64f6c4f20dd0, 1, 1;
L_0x64f6c4f23180 .part L_0x64f6c4f20130, 2, 1;
L_0x64f6c4f23500 .part L_0x64f6c4f20dd0, 2, 1;
L_0x64f6c4f238a0 .part L_0x64f6c4f20130, 0, 1;
L_0x64f6c4f23a00 .part L_0x64f6c4f20130, 1, 1;
L_0x64f6c4f23dc0 .part L_0x64f6c4f20130, 2, 1;
L_0x64f6c4f23f70 .part L_0x64f6c4f20130, 3, 1;
L_0x64f6c4f24350 .part L_0x64f6c4f20130, 1, 1;
L_0x64f6c4f243f0 .part L_0x64f6c4f20dd0, 0, 1;
L_0x64f6c4f24720 .part L_0x64f6c4f20130, 2, 1;
L_0x64f6c4f249d0 .part L_0x64f6c4f20130, 3, 1;
L_0x64f6c4f24f00 .part L_0x64f6c4f20dd0, 1, 1;
L_0x64f6c4f24fa0 .part L_0x64f6c4f20130, 2, 1;
L_0x64f6c4f252c0 .part L_0x64f6c4f20130, 3, 1;
L_0x64f6c4f256a0 .part L_0x64f6c4f20dd0, 2, 1;
L_0x64f6c4f258c0 .part L_0x64f6c4f20130, 3, 1;
L_0x64f6c4f25cb0 .part L_0x64f6c4f20dd0, 3, 1;
L_0x64f6c4f26130 .part v0x64f6c4f1f5e0_0, 0, 1;
L_0x64f6c4f261d0 .part v0x64f6c4f1f6c0_0, 0, 1;
L_0x64f6c4f26730 .part v0x64f6c4f1f5e0_0, 1, 1;
L_0x64f6c4f267d0 .part v0x64f6c4f1f6c0_0, 1, 1;
L_0x64f6c4f26dd0 .part v0x64f6c4f1f5e0_0, 2, 1;
L_0x64f6c4f26e70 .part v0x64f6c4f1f6c0_0, 2, 1;
L_0x64f6c4f27460 .part v0x64f6c4f1f5e0_0, 3, 1;
L_0x64f6c4f27500 .part v0x64f6c4f1f6c0_0, 3, 1;
LS_0x64f6c4f27b10_0_0 .concat8 [ 1 1 1 1], L_0x64f6c4f26520, L_0x64f6c4f26b60, L_0x64f6c4f271e0, L_0x64f6c4f27880;
LS_0x64f6c4f27b10_0_4 .concat8 [ 1 0 0 0], L_0x64f6c4f28170;
L_0x64f6c4f27b10 .concat8 [ 4 1 0 0], LS_0x64f6c4f27b10_0_0, LS_0x64f6c4f27b10_0_4;
L_0x64f6c4f27d40 .part v0x64f6c4f1f5e0_0, 4, 1;
L_0x64f6c4f27fc0 .part v0x64f6c4f1f6c0_0, 4, 1;
L_0x64f6c4f28460 .part v0x64f6c4f1f5e0_0, 4, 1;
L_0x64f6c4f286f0 .part v0x64f6c4f1f6c0_0, 4, 1;
L_0x64f6c4f28b00 .part v0x64f6c4f1f5e0_0, 4, 1;
L_0x64f6c4f28fb0 .part v0x64f6c4f1f6c0_0, 4, 1;
    .scope S_0x64f6c4ee30c0;
T_0 ;
    %pushi/vec4 0, 0, 5;
    %store/vec4 v0x64f6c4f1f5e0_0, 0, 5;
    %pushi/vec4 0, 0, 5;
    %store/vec4 v0x64f6c4f1f6c0_0, 0, 5;
    %pushi/vec4 0, 0, 1;
    %store/vec4 v0x64f6c4f1f760_0, 0, 1;
    %delay 10000, 0;
    %vpi_call 2 24 "$display", "TC1: A=%b B=%b Cin=%b => Sum=%b Cout=%b", v0x64f6c4f1f5e0_0, v0x64f6c4f1f6c0_0, v0x64f6c4f1f760_0, v0x64f6c4f1f8d0_0, v0x64f6c4f1f800_0 {0 0 0};
    %pushi/vec4 10, 0, 5;
    %store/vec4 v0x64f6c4f1f5e0_0, 0, 5;
    %pushi/vec4 5, 0, 5;
    %store/vec4 v0x64f6c4f1f6c0_0, 0, 5;
    %pushi/vec4 0, 0, 1;
    %store/vec4 v0x64f6c4f1f760_0, 0, 1;
    %delay 10000, 0;
    %vpi_call 2 29 "$display", "TC2: A=%b B=%b Cin=%b => Sum=%b Cout=%b", v0x64f6c4f1f5e0_0, v0x64f6c4f1f6c0_0, v0x64f6c4f1f760_0, v0x64f6c4f1f8d0_0, v0x64f6c4f1f800_0 {0 0 0};
    %pushi/vec4 15, 0, 5;
    %store/vec4 v0x64f6c4f1f5e0_0, 0, 5;
    %pushi/vec4 17, 0, 5;
    %store/vec4 v0x64f6c4f1f6c0_0, 0, 5;
    %pushi/vec4 0, 0, 1;
    %store/vec4 v0x64f6c4f1f760_0, 0, 1;
    %delay 10000, 0;
    %vpi_call 2 34 "$display", "TC3: A=%b B=%b Cin=%b => Sum=%b Cout=%b", v0x64f6c4f1f5e0_0, v0x64f6c4f1f6c0_0, v0x64f6c4f1f760_0, v0x64f6c4f1f8d0_0, v0x64f6c4f1f800_0 {0 0 0};
    %pushi/vec4 31, 0, 5;
    %store/vec4 v0x64f6c4f1f5e0_0, 0, 5;
    %pushi/vec4 31, 0, 5;
    %store/vec4 v0x64f6c4f1f6c0_0, 0, 5;
    %pushi/vec4 0, 0, 1;
    %store/vec4 v0x64f6c4f1f760_0, 0, 1;
    %delay 10000, 0;
    %vpi_call 2 39 "$display", "TC4: A=%b B=%b Cin=%b => Sum=%b Cout=%b", v0x64f6c4f1f5e0_0, v0x64f6c4f1f6c0_0, v0x64f6c4f1f760_0, v0x64f6c4f1f8d0_0, v0x64f6c4f1f800_0 {0 0 0};
    %pushi/vec4 20, 0, 5;
    %store/vec4 v0x64f6c4f1f5e0_0, 0, 5;
    %pushi/vec4 12, 0, 5;
    %store/vec4 v0x64f6c4f1f6c0_0, 0, 5;
    %pushi/vec4 1, 0, 1;
    %store/vec4 v0x64f6c4f1f760_0, 0, 1;
    %delay 10000, 0;
    %vpi_call 2 44 "$display", "TC5: A=%b B=%b Cin=%b => Sum=%b Cout=%b", v0x64f6c4f1f5e0_0, v0x64f6c4f1f6c0_0, v0x64f6c4f1f760_0, v0x64f6c4f1f8d0_0, v0x64f6c4f1f800_0 {0 0 0};
    %vpi_call 2 46 "$finish" {0 0 0};
    %end;
    .thread T_0;
# The file index is used to find the file name in the following table.
:file_names 4;
    "N/A";
    "<interactive>";
    "DO_NOT_OPEN/test_carry_look_ahead_5_bit_adder.v";
    "././carry_look_ahead_5_bit_adder.v";
